
DEPTH=50 TASKS=10000
 Run 1
13.254437
 Run 2
8.296224
 Run 3
17.704112
 Run 4
5.996877
DEPTH=50 TASKS=12000
 Run 1
11.532098
 Run 2
11.650566
 Run 3
17.997456
 Run 4
17.703760
DEPTH=50 TASKS=14000
 Run 1
17.974132
 Run 2
5.188113
 Run 3
18.746708
 Run 4
18.428010
DEPTH=50 TASKS=16000
 Run 1
14.179693
 Run 2
18.482061
 Run 3
18.968345
 Run 4
11.458821
DEPTH=50 TASKS=18000
 Run 1
8.665978
 Run 2
10.499531
 Run 3
17.912396
 Run 4
18.000946
DEPTH=50 TASKS=20000
 Run 1
4.540016
 Run 2
9.446967
 Run 3
12.420019
 Run 4
8.026035
DEPTH=50 TASKS=22000
 Run 1
18.058368
 Run 2
5.261487
 Run 3
17.813622
 Run 4
5.053972
DEPTH=50 TASKS=24000
 Run 1
5.427143
 Run 2
17.942341
 Run 3
10.894723
 Run 4
7.215522
DEPTH=50 TASKS=26000
 Run 1
6.774795
 Run 2
17.858680
 Run 3
13.176824
 Run 4
7.856198
DEPTH=50 TASKS=28000
 Run 1
5.621941
 Run 2
10.104318
 Run 3
5.448483
 Run 4
8.410294
DEPTH=50 TASKS=30000
 Run 1
7.408327
 Run 2
12.163912
 Run 3
6.978580
 Run 4
6.724216
DEPTH=70 TASKS=10000
 Run 1
18.827537
 Run 2
14.837524
 Run 3
18.627116
 Run 4
17.685519
DEPTH=70 TASKS=12000
 Run 1
7.647303
 Run 2
17.733524
 Run 3
10.751635
 Run 4
12.659347
DEPTH=70 TASKS=14000
 Run 1
11.641246
 Run 2
12.352797
 Run 3
17.911364
 Run 4
18.255855
DEPTH=70 TASKS=16000
 Run 1
11.681174
 Run 2
6.024868
 Run 3
17.802309
 Run 4
17.990502
DEPTH=70 TASKS=18000
 Run 1
7.123172
 Run 2
3.816636
 Run 3
4.204741
 Run 4
11.634536
DEPTH=70 TASKS=20000
 Run 1
17.762903
 Run 2
5.683685
 Run 3
4.989035
 Run 4
9.637921
DEPTH=70 TASKS=22000
 Run 1
4.447994
 Run 2
6.238069
 Run 3
10.357265
 Run 4
9.036250
DEPTH=70 TASKS=24000
 Run 1
7.686619
 Run 2
8.322112
 Run 3
10.349291
 Run 4
2.247131
DEPTH=70 TASKS=26000
 Run 1
7.686223
 Run 2
6.952294
 Run 3
5.592055
 Run 4
9.587094
DEPTH=70 TASKS=28000
 Run 1
11.005109
 Run 2
7.153800
 Run 3
12.495964
 Run 4
7.414895
DEPTH=70 TASKS=30000
 Run 1
6.944841
 Run 2
10.081678
 Run 3
12.167973
 Run 4
7.668760
DEPTH=90 TASKS=10000
 Run 1
17.680381
 Run 2
17.807402
 Run 3
12.725320
 Run 4
18.681029
DEPTH=90 TASKS=12000
 Run 1
20.000114
 Run 2
11.879536
 Run 3
11.521503
 Run 4
20.125798
DEPTH=90 TASKS=14000
 Run 1
7.656114
 Run 2
7.270477
 Run 3
11.594044
 Run 4
12.625209
DEPTH=90 TASKS=16000
 Run 1
19.688972
 Run 2
11.823328
 Run 3
17.780207
 Run 4
17.736260
DEPTH=90 TASKS=18000
 Run 1
18.152010
 Run 2
6.067910
 Run 3
6.246196
 Run 4
11.497248
DEPTH=90 TASKS=20000
 Run 1
17.971615
 Run 2
18.022822
 Run 3
12.203933
 Run 4
7.991896
DEPTH=90 TASKS=22000
 Run 1
11.739967
 Run 2
10.058489
 Run 3
8.728198
 Run 4
8.130338
DEPTH=90 TASKS=24000
 Run 1
7.586123
 Run 2
5.742230
 Run 3
17.854065
 Run 4
11.545946
DEPTH=90 TASKS=26000
 Run 1
6.504780
 Run 2
9.778532
 Run 3
6.417172
 Run 4
9.191408
DEPTH=90 TASKS=28000
 Run 1
6.214085
 Run 2
10.134569
 Run 3
11.448673
 Run 4
8.546956
DEPTH=90 TASKS=30000
 Run 1
4.806987
 Run 2
7.293458
 Run 3
6.435289
 Run 4
10.182679
DEPTH=110 TASKS=10000
 Run 1
17.717283
 Run 2
12.035586
 Run 3
13.544412
 Run 4
18.672428
DEPTH=110 TASKS=12000
 Run 1
12.397293
 Run 2
17.834526
 Run 3
17.699780
 Run 4
9.169995
DEPTH=110 TASKS=14000
 Run 1
19.754289
 Run 2
11.863162
 Run 3
7.977599
 Run 4
17.716917
DEPTH=110 TASKS=16000
 Run 1
18.099486
 Run 2
19.449086
 Run 3
17.873589
 Run 4
9.933847
DEPTH=110 TASKS=18000
 Run 1
18.199014
 Run 2
17.761287
 Run 3
6.369891
 Run 4
17.875711
DEPTH=110 TASKS=20000
 Run 1
17.944575
 Run 2
17.858484
 Run 3
4.797138
 Run 4
17.995855
DEPTH=110 TASKS=22000
 Run 1
16.751764
 Run 2
5.586307
 Run 3
18.391927
 Run 4
11.145873
DEPTH=110 TASKS=24000
 Run 1
7.476898
 Run 2
17.808680
 Run 3
8.231594
 Run 4
7.021047
DEPTH=110 TASKS=26000
 Run 1
10.602603
 Run 2
8.858437
 Run 3
7.006993
 Run 4
8.254768
DEPTH=110 TASKS=28000
 Run 1
4.222115
 Run 2
8.654038
 Run 3
6.582281
 Run 4
11.620216
DEPTH=110 TASKS=30000
 Run 1
11.126281
 Run 2
11.436832
 Run 3
6.785535
 Run 4
7.698833
DEPTH=130 TASKS=10000
 Run 1
17.826555
 Run 2
19.602805
 Run 3
17.831642
 Run 4
19.733598
DEPTH=130 TASKS=12000
 Run 1
10.719426
 Run 2
6.403851
 Run 3
9.399548
 Run 4
7.497487
DEPTH=130 TASKS=14000
 Run 1
9.937753
 Run 2
17.708654
 Run 3
10.636526
 Run 4
17.723609
DEPTH=130 TASKS=16000
 Run 1
18.140229
 Run 2
11.469720
 Run 3
19.179356
 Run 4
18.070863
DEPTH=130 TASKS=18000
 Run 1
3.430661
 Run 2
11.496730
 Run 3
19.924896
 Run 4
8.240797
DEPTH=130 TASKS=20000
 Run 1
4.097855
 Run 2
5.144208
 Run 3
7.178011
 Run 4
9.383293
DEPTH=130 TASKS=22000
 Run 1
5.905920
 Run 2
10.629444
 Run 3
6.135556
 Run 4
9.327984
DEPTH=130 TASKS=24000
 Run 1
4.501861
 Run 2
9.501731
 Run 3
10.583933
 Run 4
5.852497
DEPTH=130 TASKS=26000
 Run 1
8.643299
 Run 2
4.199718
 Run 3
7.887418
 Run 4
10.335239
DEPTH=130 TASKS=28000
 Run 1
5.570546
 Run 2
17.858945
 Run 3
9.460268
 Run 4
11.399028
DEPTH=130 TASKS=30000
 Run 1
10.742674
 Run 2
7.002484
 Run 3
4.420545
 Run 4
7.043465
DEPTH=150 TASKS=10000
 Run 1
9.895714
 Run 2
11.411473
 Run 3
21.984567
 Run 4
18.296420
DEPTH=150 TASKS=12000
 Run 1
14.368686
 Run 2
19.651044
 Run 3
18.927881
 Run 4
19.663827
DEPTH=150 TASKS=14000
 Run 1
18.068715
 Run 2
11.894154
 Run 3
18.006200
 Run 4
8.253277
DEPTH=150 TASKS=16000
 Run 1
12.453559
 Run 2
17.876219
 Run 3
7.401660
 Run 4
18.024504
DEPTH=150 TASKS=18000
 Run 1
11.698201
 Run 2
4.849200
 Run 3
13.440089
 Run 4
4.818864
DEPTH=150 TASKS=20000
 Run 1
18.244690
 Run 2
19.520251
 Run 3
7.744711
 Run 4
17.791399
DEPTH=150 TASKS=22000
 Run 1
17.895416
 Run 2
7.230800
 Run 3
5.317582
 Run 4
11.630183
DEPTH=150 TASKS=24000
 Run 1
7.585632
 Run 2
4.036356
 Run 3
5.227749
 Run 4
5.267060
DEPTH=150 TASKS=26000
 Run 1
4.731814
 Run 2
5.879853
 Run 3
5.713201
 Run 4
5.795590
DEPTH=150 TASKS=28000
 Run 1
6.054973
 Run 2
7.532375
 Run 3
14.140020
 Run 4
6.161902
DEPTH=150 TASKS=30000
 Run 1
7.629210
 Run 2
7.658835
 Run 3
4.085655
 Run 4
6.928948
DEPTH=170 TASKS=10000
 Run 1
18.524487
 Run 2
17.720293
 Run 3
18.017454
 Run 4
17.722743
DEPTH=170 TASKS=12000
 Run 1
17.968823
 Run 2
17.711033
 Run 3
18.165086
 Run 4
17.799522
DEPTH=170 TASKS=14000
 Run 1
7.093510
 Run 2
7.819745
 Run 3
17.724717
 Run 4
8.956697
DEPTH=170 TASKS=16000
 Run 1
17.755309
 Run 2
13.591961
 Run 3
18.897620
 Run 4
18.669976
DEPTH=170 TASKS=18000
 Run 1
17.898108
 Run 2
12.120990
 Run 3
17.816950
 Run 4
18.388037
DEPTH=170 TASKS=20000
 Run 1
18.913604
 Run 2
5.743011
 Run 3
17.927451
 Run 4
6.160292
DEPTH=170 TASKS=22000
 Run 1
11.648090
 Run 2
10.900111
 Run 3
12.896344
 Run 4
5.331097
DEPTH=170 TASKS=24000
 Run 1
7.050058
 Run 2
4.648321
 Run 3
8.782727
 Run 4
17.833989
DEPTH=170 TASKS=26000
 Run 1
17.912527
 Run 2
11.655095
 Run 3
8.067297
 Run 4
11.207917
DEPTH=170 TASKS=28000
 Run 1
8.243557
 Run 2
5.359899
 Run 3
14.469519
 Run 4
11.576633
DEPTH=170 TASKS=30000
 Run 1
10.162231
 Run 2
6.777364
 Run 3
8.303373
 Run 4
11.096233
DEPTH=190 TASKS=10000
 Run 1
18.724223
 Run 2
19.791132
 Run 3
13.919914
 Run 4
8.350526
DEPTH=190 TASKS=12000
 Run 1
11.524435
 Run 2
20.062504
 Run 3
19.825396
 Run 4
11.004764
DEPTH=190 TASKS=14000
 Run 1
17.793255
 Run 2
15.332540
 Run 3
11.943917
 Run 4
18.392448
DEPTH=190 TASKS=16000
 Run 1
9.622248
 Run 2
9.584932
 Run 3
5.293982
 Run 4
17.855764
DEPTH=190 TASKS=18000
 Run 1
11.516970
 Run 2
17.852743
 Run 3
13.915312
 Run 4
11.750169
DEPTH=190 TASKS=20000
 Run 1
4.691636
 Run 2
3.639389
 Run 3
10.667504
 Run 4
7.888258
DEPTH=190 TASKS=22000
 Run 1
4.649366
 Run 2
3.953579
 Run 3
17.977448
 Run 4
11.992071
DEPTH=190 TASKS=24000
 Run 1
10.436326
 Run 2
18.747997
 Run 3
4.069378
 Run 4
9.682978
DEPTH=190 TASKS=26000
 Run 1
17.853797
 Run 2
9.469439
 Run 3
4.621667
 Run 4
5.889621
DEPTH=190 TASKS=28000
 Run 1
7.476418
 Run 2
4.929944
 Run 3
11.904111
 Run 4
8.076070
DEPTH=190 TASKS=30000
 Run 1
6.440490
 Run 2
9.269576
 Run 3
7.681570
 Run 4
6.948636
DEPTH=210 TASKS=10000
 Run 1
14.352180
 Run 2
11.459534
 Run 3
17.768580
 Run 4
14.449813
DEPTH=210 TASKS=12000
 Run 1
7.552179
 Run 2
19.641257
 Run 3
19.909956
 Run 4
17.709236
DEPTH=210 TASKS=14000
 Run 1
19.521291
 Run 2
7.501373
 Run 3
5.748863
 Run 4
18.859655
DEPTH=210 TASKS=16000
 Run 1
17.786932
 Run 2
18.366916
 Run 3
5.835058
 Run 4
17.740218
DEPTH=210 TASKS=18000
 Run 1
17.772928
 Run 2
17.784739
 Run 3
17.873963
 Run 4
7.059050
DEPTH=210 TASKS=20000
 Run 1
3.955621
 Run 2
7.714690
 Run 3
18.098405
 Run 4
11.090039
DEPTH=210 TASKS=22000
 Run 1
17.871760
 Run 2
10.361203
 Run 3
17.793002
 Run 4
7.623259
DEPTH=210 TASKS=24000
 Run 1
8.850324
 Run 2
8.833422
 Run 3
18.942650
 Run 4
11.573054
DEPTH=210 TASKS=26000
 Run 1
17.809939
 Run 2
6.047728
 Run 3
18.066416
 Run 4
9.229738
DEPTH=210 TASKS=28000
 Run 1
2.161327
 Run 2
11.568455
 Run 3
7.223337
 Run 4
11.673472
DEPTH=210 TASKS=30000
 Run 1
6.259416
 Run 2
11.609629
 Run 3
6.393979
 Run 4
5.842135
DEPTH=230 TASKS=10000
 Run 1
19.572503
 Run 2
5.804936
 Run 3
17.694194
 Run 4
21.690983
DEPTH=230 TASKS=12000
 Run 1
11.690483
 Run 2
9.427510
 Run 3
11.554375
 Run 4
19.093699
DEPTH=230 TASKS=14000
 Run 1
5.698644
 Run 2
5.820194
 Run 3
17.739682
 Run 4
7.551297
DEPTH=230 TASKS=16000
 Run 1
18.056043
 Run 2
5.749205
 Run 3
7.908865
 Run 4
17.809793
DEPTH=230 TASKS=18000
 Run 1
12.764098
 Run 2
7.910952
 Run 3
17.885208
 Run 4
12.718898
DEPTH=230 TASKS=20000
 Run 1
5.512083
 Run 2
8.350859
 Run 3
12.364497
 Run 4
18.616064
DEPTH=230 TASKS=22000
 Run 1
7.672998
 Run 2
18.051048
 Run 3
17.798763
 Run 4
7.414090
DEPTH=230 TASKS=24000
 Run 1
5.360656
 Run 2
7.610294
 Run 3
4.684289
 Run 4
8.068752
DEPTH=230 TASKS=26000
 Run 1
11.721320
 Run 2
8.822074
 Run 3
12.031837
 Run 4
9.888710
DEPTH=230 TASKS=28000
 Run 1
3.930512
 Run 2
6.555451
 Run 3
6.701539
 Run 4
12.883157
DEPTH=230 TASKS=30000
 Run 1
4.836557
 Run 2
10.793603
 Run 3
6.422093
 Run 4
8.922542
DEPTH=250 TASKS=10000
 Run 1
6.262219
 Run 2
17.906498
 Run 3
17.698727
 Run 4
19.905981
DEPTH=250 TASKS=12000
 Run 1
18.759753
 Run 2
14.141060
 Run 3
10.953400
 Run 4
9.070004
DEPTH=250 TASKS=14000
 Run 1
17.994016
 Run 2
7.360573
 Run 3
11.752034
 Run 4
18.043194
DEPTH=250 TASKS=16000
 Run 1
17.783362
 Run 2
8.937240
 Run 3
17.937235
 Run 4
11.597576
DEPTH=250 TASKS=18000
 Run 1
12.756696
 Run 2
11.062724
 Run 3
11.115953
 Run 4
18.515990
DEPTH=250 TASKS=20000
 Run 1
4.950432
 Run 2
11.004651
 Run 3
8.790587
 Run 4
6.158652
DEPTH=250 TASKS=22000
 Run 1
5.888825
 Run 2
5.274720
 Run 3
11.411489
 Run 4
11.602129
DEPTH=250 TASKS=24000
 Run 1
11.643888
 Run 2
6.997928
 Run 3
12.261145
 Run 4
5.841753
DEPTH=250 TASKS=26000
 Run 1
8.705212
 Run 2
7.775062
 Run 3
5.074484
 Run 4
4.881478
DEPTH=250 TASKS=28000
 Run 1
6.586877
 Run 2
10.802331
 Run 3
7.119770
 Run 4
11.558151
DEPTH=250 TASKS=30000
 Run 1
6.792817
 Run 2
4.927356
 Run 3
10.809927
 Run 4
5.693828
DEPTH=270 TASKS=10000
 Run 1
9.350083
 Run 2
17.741427
 Run 3
17.721507
 Run 4
9.575484
DEPTH=270 TASKS=12000
 Run 1
17.713875
 Run 2
13.668155
 Run 3
7.554929
 Run 4
7.516730
DEPTH=270 TASKS=14000
 Run 1
12.046058
 Run 2
17.712221
 Run 3
17.718513
 Run 4
12.131257
DEPTH=270 TASKS=16000
 Run 1
11.580356
 Run 2
7.553570
 Run 3
11.741159
 Run 4
5.529707
DEPTH=270 TASKS=18000
 Run 1
17.936817
 Run 2
18.021751
 Run 3
17.764597
 Run 4
18.023740
DEPTH=270 TASKS=20000
 Run 1
6.801160
 Run 2
12.816222
 Run 3
11.507334
 Run 4
8.426209
DEPTH=270 TASKS=22000
 Run 1
3.179592
 Run 2
4.740085
 Run 3
11.596172
 Run 4
17.838998
DEPTH=270 TASKS=24000
 Run 1
7.615863
 Run 2
4.798668
 Run 3
5.437731
 Run 4
5.270242
DEPTH=270 TASKS=26000
 Run 1
7.389793
 Run 2
6.393806
 Run 3
13.553232
 Run 4
7.729307
DEPTH=270 TASKS=28000
 Run 1
7.133359
 Run 2
5.772259
 Run 3
8.894457
 Run 4
4.135451
DEPTH=270 TASKS=30000
 Run 1
4.106062
 Run 2
7.101351
 Run 3
11.906952
 Run 4
4.463032
DEPTH=290 TASKS=10000
 Run 1
18.225713
 Run 2
14.785447
 Run 3
17.697344
 Run 4
14.060916
DEPTH=290 TASKS=12000
 Run 1
11.638095
 Run 2
17.995523
 Run 3
19.598792
 Run 4
18.916871
DEPTH=290 TASKS=14000
 Run 1
10.077192
 Run 2
18.330214
 Run 3
12.201280
 Run 4
17.854187
DEPTH=290 TASKS=16000
 Run 1
18.399002
 Run 2
18.667583
 Run 3
12.872441
 Run 4
18.134693
DEPTH=290 TASKS=18000
 Run 1
18.682059
 Run 2
18.456895
 Run 3
5.406993
 Run 4
10.408383
DEPTH=290 TASKS=20000
 Run 1
8.191932
 Run 2
3.512246
 Run 3
17.830958
 Run 4
11.521180
DEPTH=290 TASKS=22000
 Run 1
6.686366
 Run 2
4.682693
 Run 3
7.890749
 Run 4
5.281776
DEPTH=290 TASKS=24000
 Run 1
5.099177
 Run 2
5.904801
 Run 3
11.367637
 Run 4
8.047975
DEPTH=290 TASKS=26000
 Run 1
18.478352
 Run 2
8.393078
 Run 3
6.175673
 Run 4
11.535590
DEPTH=290 TASKS=28000
 Run 1
12.367945
 Run 2
4.428495
 Run 3
6.091912
 Run 4
10.456347
DEPTH=290 TASKS=30000
 Run 1
6.311159
 Run 2
7.292396
 Run 3
6.069406
 Run 4
7.105793
