
DEPTH=50 TASKS=1000
 Run 1
1.197060
 Run 2
1.197502
 Run 3
1.211664
 Run 4
0.663165
 Run 5
1.209950
 Run 6
1.656795
DEPTH=50 TASKS=1200
 Run 1
1.218741
 Run 2
0.655000
 Run 3
1.212352
 Run 4
1.214021
 Run 5
0.660085
 Run 6
1.195582
DEPTH=50 TASKS=1400
 Run 1
1.211450
 Run 2
0.756733
 Run 3
0.662334
 Run 4
1.201636
 Run 5
0.443058
 Run 6
0.659926
DEPTH=50 TASKS=1600
 Run 1
0.342123
 Run 2
1.213922
 Run 3
0.341056
 Run 4
0.758517
 Run 5
0.658148
 Run 6
0.671739
DEPTH=50 TASKS=1800
 Run 1
0.696557
 Run 2
0.345706
 Run 3
0.661627
 Run 4
0.752689
 Run 5
0.569985
 Run 6
0.180394
DEPTH=50 TASKS=2000
 Run 1
0.594204
 Run 2
0.762714
 Run 3
0.483682
 Run 4
0.484827
 Run 5
0.757728
 Run 6
0.191138
DEPTH=50 TASKS=2200
 Run 1
0.658153
 Run 2
0.497407
 Run 3
0.228864
 Run 4
0.762548
 Run 5
0.762026
 Run 6
0.777983
DEPTH=50 TASKS=2400
 Run 1
0.349045
 Run 2
0.458691
 Run 3
0.346624
 Run 4
0.466359
 Run 5
0.455089
 Run 6
0.617602
DEPTH=50 TASKS=2600
 Run 1
0.217212
 Run 2
0.515992
 Run 3
0.267597
 Run 4
0.380831
 Run 5
0.515406
 Run 6
0.275224
DEPTH=50 TASKS=2800
 Run 1
0.587967
 Run 2
0.545783
 Run 3
0.132976
 Run 4
0.276453
 Run 5
0.217787
 Run 6
0.571952
DEPTH=50 TASKS=3000
 Run 1
0.365666
 Run 2
0.168022
 Run 3
0.458288
 Run 4
0.477132
 Run 5
0.197833
 Run 6
0.244185
DEPTH=50 TASKS=3200
 Run 1
0.770639
 Run 2
0.587628
 Run 3
0.172562
 Run 4
0.528813
 Run 5
0.322124
 Run 6
0.351488
DEPTH=50 TASKS=3400
 Run 1
0.155502
 Run 2
0.256617
 Run 3
0.473128
 Run 4
0.653321
 Run 5
0.108893
 Run 6
0.566721
DEPTH=50 TASKS=3600
 Run 1
0.665087
 Run 2
0.467348
 Run 3
0.354843
 Run 4
0.258491
 Run 5
0.554269
 Run 6
0.163018
DEPTH=50 TASKS=3800
 Run 1
0.625406
 Run 2
0.439240
 Run 3
0.282184
 Run 4
0.187382
 Run 5
0.586457
 Run 6
0.633772
DEPTH=50 TASKS=4000
 Run 1
0.352616
 Run 2
0.162228
 Run 3
0.690819
 Run 4
0.563282
 Run 5
0.383563
 Run 6
0.667544
DEPTH=50 TASKS=4200
 Run 1
0.424469
 Run 2
0.559790
 Run 3
0.483528
 Run 4
0.313820
 Run 5
0.482642
 Run 6
0.300722
DEPTH=50 TASKS=4400
 Run 1
0.465119
 Run 2
0.669214
 Run 3
0.632792
 Run 4
0.499451
 Run 5
0.477439
 Run 6
0.240508
DEPTH=50 TASKS=4600
 Run 1
0.540899
 Run 2
0.558817
 Run 3
0.339169
 Run 4
0.154608
 Run 5
0.226145
 Run 6
0.148605
DEPTH=50 TASKS=4800
 Run 1
0.138819
 Run 2
0.576260
 Run 3
0.244731
 Run 4
0.466871
 Run 5
0.563924
 Run 6
0.216192
DEPTH=50 TASKS=5000
 Run 1
0.227223
 Run 2
0.615432
 Run 3
0.471626
 Run 4
0.357161
 Run 5
0.572837
 Run 6
0.639762
DEPTH=50 TASKS=5200
 Run 1
0.501093
 Run 2
0.316922
 Run 3
0.513641
 Run 4
0.564615
 Run 5
0.430140
 Run 6
0.444039
DEPTH=50 TASKS=5400
 Run 1
0.667428
 Run 2
0.476152
 Run 3
0.628846
 Run 4
0.552184
 Run 5
0.377242
 Run 6
0.503664
DEPTH=50 TASKS=5600
 Run 1
0.245499
 Run 2
0.570907
 Run 3
0.258251
 Run 4
0.313964
 Run 5
0.440945
 Run 6
0.200540
DEPTH=50 TASKS=5800
 Run 1
0.187905
 Run 2
0.349993
 Run 3
0.459912
 Run 4
0.465913
 Run 5
0.563581
 Run 6
0.201039
DEPTH=50 TASKS=6000
 Run 1
0.517399
 Run 2
0.497593
 Run 3
0.217197
 Run 4
0.507661
 Run 5
0.674646
 Run 6
0.232304
DEPTH=50 TASKS=6200
 Run 1
0.635077
 Run 2
0.482767
 Run 3
0.393326
 Run 4
0.544861
 Run 5
0.503059
 Run 6
0.219956
DEPTH=50 TASKS=6400
 Run 1
0.218890
 Run 2
0.575645
 Run 3
0.491961
 Run 4
0.219250
 Run 5
0.725970
 Run 6
0.254246
DEPTH=50 TASKS=6600
 Run 1
0.591649
 Run 2
0.577367
 Run 3
0.534671
 Run 4
0.506812
 Run 5
0.576314
 Run 6
0.515542
DEPTH=50 TASKS=6800
 Run 1
0.473051
 Run 2
0.639859
 Run 3
0.537861
 Run 4
0.541809
 Run 5
0.535826
 Run 6
0.464002
DEPTH=50 TASKS=7000
 Run 1
0.221205
 Run 2
0.461851
 Run 3
0.203410
 Run 4
0.596658
 Run 5
0.351991
 Run 6
0.240943
DEPTH=50 TASKS=7200
 Run 1
0.262477
 Run 2
0.315790
 Run 3
0.526097
 Run 4
0.448107
 Run 5
0.538228
 Run 6
0.472819
DEPTH=50 TASKS=7400
 Run 1
0.319637
 Run 2
0.161634
 Run 3
0.368292
 Run 4
0.289895
 Run 5
0.544938
 Run 6
0.135295
DEPTH=50 TASKS=7600
 Run 1
0.760794
 Run 2
0.252323
 Run 3
0.298757
 Run 4
0.649073
 Run 5
0.371094
 Run 6
0.225865
DEPTH=50 TASKS=7800
 Run 1
0.540716
 Run 2
0.161488
 Run 3
0.525604
 Run 4
0.474155
 Run 5
0.705925
 Run 6
0.625642
DEPTH=50 TASKS=8000
 Run 1
0.681772
 Run 2
0.526484
 Run 3
0.505978
 Run 4
0.595331
 Run 5
0.786790
 Run 6
0.667909
DEPTH=50 TASKS=8200
 Run 1
0.268104
 Run 2
0.275105
 Run 3
0.484362
 Run 4
0.437087
 Run 5
0.442517
 Run 6
0.146166
DEPTH=50 TASKS=8400
 Run 1
0.139646
 Run 2
0.528290
 Run 3
0.341710
 Run 4
0.264144
 Run 5
0.750885
 Run 6
0.463219
DEPTH=50 TASKS=8600
 Run 1
0.540067
 Run 2
0.354024
 Run 3
0.586337
 Run 4
0.495862
 Run 5
0.275378
 Run 6
0.200065
DEPTH=50 TASKS=8800
 Run 1
0.172607
 Run 2
0.313666
 Run 3
0.296908
 Run 4
0.549104
 Run 5
0.122370
 Run 6
0.421275
DEPTH=50 TASKS=9000
 Run 1
0.525943
 Run 2
0.503191
 Run 3
0.535986
 Run 4
0.546400
 Run 5
0.601306
 Run 6
0.365267
DEPTH=50 TASKS=9200
 Run 1
0.635224
 Run 2
0.277901
 Run 3
0.576501
 Run 4
0.487509
 Run 5
0.517008
 Run 6
0.485843
DEPTH=50 TASKS=9400
 Run 1
0.117118
 Run 2
0.698981
 Run 3
0.479887
 Run 4
0.412648
 Run 5
0.511929
 Run 6
0.478365
DEPTH=50 TASKS=9600
 Run 1
0.331667
 Run 2
0.196357
 Run 3
0.228144
 Run 4
0.257764
 Run 5
0.533695
 Run 6
0.433443
DEPTH=50 TASKS=9800
 Run 1
0.556439
 Run 2
0.474350
 Run 3
0.449744
 Run 4
0.380672
 Run 5
0.351721
 Run 6
0.458736
DEPTH=50 TASKS=10000
 Run 1
0.429291
 Run 2
0.748906
 Run 3
0.562252
 Run 4
0.388886
 Run 5
0.500990
 Run 6
0.287072
DEPTH=54 TASKS=1000
 Run 1
1.653395
 Run 2
1.209720
 Run 3
1.210877
 Run 4
0.657059
 Run 5
1.655890
 Run 6
0.749770
DEPTH=54 TASKS=1200
 Run 1
0.231804
 Run 2
0.757578
 Run 3
1.658325
 Run 4
0.660398
 Run 5
1.212137
 Run 6
0.755274
DEPTH=54 TASKS=1400
 Run 1
0.655966
 Run 2
0.552971
 Run 3
0.662494
 Run 4
1.217387
 Run 5
0.675416
 Run 6
0.804507
DEPTH=54 TASKS=1600
 Run 1
0.685221
 Run 2
0.317570
 Run 3
0.482041
 Run 4
0.760030
 Run 5
1.214412
 Run 6
1.216852
DEPTH=54 TASKS=1800
 Run 1
0.762349
 Run 2
0.310340
 Run 3
0.755431
 Run 4
0.389471
 Run 5
0.441983
 Run 6
1.202728
DEPTH=54 TASKS=2000
 Run 1
0.492400
 Run 2
0.482240
 Run 3
0.123088
 Run 4
0.710295
 Run 5
1.204435
 Run 6
0.368653
DEPTH=54 TASKS=2200
 Run 1
0.638862
 Run 2
0.487011
 Run 3
0.344593
 Run 4
0.344180
 Run 5
0.483821
 Run 6
0.651647
DEPTH=54 TASKS=2400
 Run 1
0.459942
 Run 2
0.261226
 Run 3
0.344261
 Run 4
0.128825
 Run 5
0.453958
 Run 6
0.793078
DEPTH=54 TASKS=2600
 Run 1
0.483473
 Run 2
0.409993
 Run 3
0.409897
 Run 4
0.451876
 Run 5
0.445841
 Run 6
0.339050
DEPTH=54 TASKS=2800
 Run 1
0.280852
 Run 2
0.443118
 Run 3
0.201406
 Run 4
0.601331
 Run 5
0.201503
 Run 6
0.341695
DEPTH=54 TASKS=3000
 Run 1
0.426031
 Run 2
0.303550
 Run 3
0.255819
 Run 4
0.442440
 Run 5
0.743355
 Run 6
0.471644
DEPTH=54 TASKS=3200
 Run 1
0.626598
 Run 2
0.636957
 Run 3
0.233941
 Run 4
0.267121
 Run 5
0.628330
 Run 6
0.330783
DEPTH=54 TASKS=3400
 Run 1
0.449982
 Run 2
0.213781
 Run 3
0.332565
 Run 4
0.363806
 Run 5
0.512969
 Run 6
0.584378
DEPTH=54 TASKS=3600
 Run 1
0.484842
 Run 2
0.519473
 Run 3
0.160860
 Run 4
0.694655
 Run 5
0.570798
 Run 6
0.638464
DEPTH=54 TASKS=3800
 Run 1
0.546256
 Run 2
0.141899
 Run 3
0.191439
 Run 4
0.490194
 Run 5
0.505066
 Run 6
0.266605
DEPTH=54 TASKS=4000
 Run 1
0.289498
 Run 2
0.278368
 Run 3
0.233781
 Run 4
0.264512
 Run 5
0.429483
 Run 6
0.605167
DEPTH=54 TASKS=4200
 Run 1
0.234395
 Run 2
0.359844
 Run 3
0.194159
 Run 4
0.128782
 Run 5
0.622080
 Run 6
0.570794
DEPTH=54 TASKS=4400
 Run 1
0.572397
 Run 2
0.388585
 Run 3
0.247598
 Run 4
0.493059
 Run 5
0.243880
 Run 6
0.267087
DEPTH=54 TASKS=4600
 Run 1
0.225714
 Run 2
0.462392
 Run 3
0.453388
 Run 4
0.516151
 Run 5
0.550300
 Run 6
0.285003
DEPTH=54 TASKS=4800
 Run 1
0.429179
 Run 2
0.629180
 Run 3
0.200620
 Run 4
0.597329
 Run 5
0.629779
 Run 6
0.445689
DEPTH=54 TASKS=5000
 Run 1
0.728596
 Run 2
0.220348
 Run 3
0.618838
 Run 4
0.282434
 Run 5
0.187640
 Run 6
0.431444
DEPTH=54 TASKS=5200
 Run 1
0.277344
 Run 2
0.439893
 Run 3
0.627941
 Run 4
0.833687
 Run 5
0.247822
 Run 6
0.459756
DEPTH=54 TASKS=5400
 Run 1
0.539000
 Run 2
0.601578
 Run 3
0.288946
 Run 4
0.294819
 Run 5
0.354406
 Run 6
0.451510
DEPTH=54 TASKS=5600
 Run 1
0.539788
 Run 2
0.203050
 Run 3
0.221202
 Run 4
0.308482
 Run 5
0.647542
 Run 6
0.470023
DEPTH=54 TASKS=5800
 Run 1
0.478888
 Run 2
0.298634
 Run 3
0.333035
 Run 4
0.631955
 Run 5
0.378177
 Run 6
0.712064
DEPTH=54 TASKS=6000
 Run 1
0.306568
 Run 2
0.280294
 Run 3
0.441683
 Run 4
0.478040
 Run 5
0.532438
 Run 6
0.569029
DEPTH=54 TASKS=6200
 Run 1
0.521518
 Run 2
0.532347
 Run 3
0.283204
 Run 4
0.575337
 Run 5
0.520748
 Run 6
0.174554
DEPTH=54 TASKS=6400
 Run 1
0.185141
 Run 2
0.515246
 Run 3
0.655231
 Run 4
0.185644
 Run 5
0.409318
 Run 6
0.476512
DEPTH=54 TASKS=6600
 Run 1
0.811735
 Run 2
0.427208
 Run 3
0.562713
 Run 4
0.112423
 Run 5
0.224501
 Run 6
0.509581
DEPTH=54 TASKS=6800
 Run 1
0.177804
 Run 2
0.754536
 Run 3
0.442492
 Run 4
0.229168
 Run 5
0.664155
 Run 6
0.493192
DEPTH=54 TASKS=7000
 Run 1
0.546318
 Run 2
0.581320
 Run 3
0.645794
 Run 4
0.592294
 Run 5
0.515955
 Run 6
0.205924
DEPTH=54 TASKS=7200
 Run 1
0.236896
 Run 2
0.229043
 Run 3
0.432276
 Run 4
0.200483
 Run 5
0.484991
 Run 6
0.359596
DEPTH=54 TASKS=7400
 Run 1
0.555270
 Run 2
0.195315
 Run 3
0.320806
 Run 4
0.539982
 Run 5
0.535567
 Run 6
0.369439
DEPTH=54 TASKS=7600
 Run 1
0.482504
 Run 2
0.597416
 Run 3
0.522354
 Run 4
0.717540
 Run 5
0.247103
 Run 6
0.196053
DEPTH=54 TASKS=7800
 Run 1
0.493525
 Run 2
0.601810
 Run 3
0.236014
 Run 4
0.625333
 Run 5
0.354958
 Run 6
0.543434
DEPTH=54 TASKS=8000
 Run 1
0.520691
 Run 2
0.276247
 Run 3
0.195876
 Run 4
0.206206
 Run 5
0.387699
 Run 6
0.625018
DEPTH=54 TASKS=8200
 Run 1
0.328343
 Run 2
0.508848
 Run 3
0.225650
 Run 4
0.303363
 Run 5
0.407284
 Run 6
0.472123
DEPTH=54 TASKS=8400
 Run 1
0.597862
 Run 2
0.542137
 Run 3
0.557699
 Run 4
0.108248
 Run 5
0.170813
 Run 6
0.204240
DEPTH=54 TASKS=8600
 Run 1
0.370823
 Run 2
0.312203
 Run 3
0.244813
 Run 4
0.471999
 Run 5
0.386061
 Run 6
0.205007
DEPTH=54 TASKS=8800
 Run 1
0.257478
 Run 2
0.524948
 Run 3
0.630147
 Run 4
0.471829
 Run 5
0.412357
 Run 6
0.418252
DEPTH=54 TASKS=9000
 Run 1
0.234001
 Run 2
0.202040
 Run 3
0.143325
 Run 4
0.540194
 Run 5
0.514632
 Run 6
0.371549
DEPTH=54 TASKS=9200
 Run 1
0.303623
 Run 2
0.495779
 Run 3
0.706426
 Run 4
0.453713
 Run 5
0.584689
 Run 6
0.444969
DEPTH=54 TASKS=9400
 Run 1
0.237014
 Run 2
0.449260
 Run 3
0.199538
 Run 4
0.163498
 Run 5
0.416815
 Run 6
0.316336
DEPTH=54 TASKS=9600
 Run 1
0.726449
 Run 2
0.517914
 Run 3
0.567693
 Run 4
0.312985
 Run 5
0.743200
 Run 6
0.300564
DEPTH=54 TASKS=9800
 Run 1
0.575948
 Run 2
0.139189
 Run 3
0.569857
 Run 4
0.473793
 Run 5
0.532793
 Run 6
0.664627
DEPTH=54 TASKS=10000
 Run 1
0.182468
 Run 2
0.478526
 Run 3
0.229943
 Run 4
0.532808
 Run 5
0.708397
 Run 6
0.628736
DEPTH=58 TASKS=1000
 Run 1
0.575589
 Run 2
1.210860
 Run 3
1.212959
 Run 4
1.211468
 Run 5
1.211280
 Run 6
1.655411
DEPTH=58 TASKS=1200
 Run 1
1.658594
 Run 2
1.222410
 Run 3
1.655729
 Run 4
0.483075
 Run 5
0.476303
 Run 6
0.754572
DEPTH=58 TASKS=1400
 Run 1
0.608203
 Run 2
0.341855
 Run 3
1.212207
 Run 4
0.456731
 Run 5
0.608310
 Run 6
0.759309
DEPTH=58 TASKS=1600
 Run 1
1.202415
 Run 2
0.342447
 Run 3
1.214633
 Run 4
1.214381
 Run 5
1.199367
 Run 6
1.215325
DEPTH=58 TASKS=1800
 Run 1
1.203200
 Run 2
0.485806
 Run 3
1.663479
 Run 4
0.301987
 Run 5
0.184336
 Run 6
0.658661
DEPTH=58 TASKS=2000
 Run 1
0.423916
 Run 2
0.594531
 Run 3
0.095681
 Run 4
0.485745
 Run 5
0.572664
 Run 6
0.629334
DEPTH=58 TASKS=2200
 Run 1
0.548539
 Run 2
0.485343
 Run 3
0.760958
 Run 4
0.672305
 Run 5
0.593821
 Run 6
0.251203
DEPTH=58 TASKS=2400
 Run 1
0.430722
 Run 2
0.361141
 Run 3
0.762031
 Run 4
0.282016
 Run 5
0.133635
 Run 6
0.610957
DEPTH=58 TASKS=2600
 Run 1
0.300253
 Run 2
0.557930
 Run 3
0.244910
 Run 4
0.528275
 Run 5
0.402230
 Run 6
0.200978
DEPTH=58 TASKS=2800
 Run 1
0.515115
 Run 2
0.475496
 Run 3
0.561901
 Run 4
0.599994
 Run 5
0.847318
 Run 6
0.502959
DEPTH=58 TASKS=3000
 Run 1
0.599465
 Run 2
0.250598
 Run 3
0.229938
 Run 4
0.359815
 Run 5
0.603546
 Run 6
0.304016
DEPTH=58 TASKS=3200
 Run 1
0.328575
 Run 2
0.469111
 Run 3
0.534845
 Run 4
0.582361
 Run 5
0.203725
 Run 6
0.473920
DEPTH=58 TASKS=3400
 Run 1
0.452299
 Run 2
0.108993
 Run 3
0.701922
 Run 4
0.457338
 Run 5
0.235639
 Run 6
0.300969
DEPTH=58 TASKS=3600
 Run 1
0.437982
 Run 2
0.626604
 Run 3
0.299449
 Run 4
0.264924
 Run 5
0.679255
 Run 6
0.172333
DEPTH=58 TASKS=3800
 Run 1
0.379771
 Run 2
0.591279
 Run 3
0.267017
 Run 4
0.512389
 Run 5
0.479330
 Run 6
0.236502
DEPTH=58 TASKS=4000
 Run 1
0.229252
 Run 2
0.323738
 Run 3
0.206750
 Run 4
0.251907
 Run 5
0.229201
 Run 6
0.391112
DEPTH=58 TASKS=4200
 Run 1
0.348505
 Run 2
0.237632
 Run 3
0.566051
 Run 4
0.539807
 Run 5
0.548320
 Run 6
0.373419
DEPTH=58 TASKS=4400
 Run 1
0.148751
 Run 2
0.238545
 Run 3
0.550751
 Run 4
0.173412
 Run 5
0.191920
 Run 6
0.201487
DEPTH=58 TASKS=4600
 Run 1
0.581957
 Run 2
0.328561
 Run 3
0.679431
 Run 4
0.512407
 Run 5
0.535159
 Run 6
0.391952
DEPTH=58 TASKS=4800
 Run 1
0.256991
 Run 2
0.595484
 Run 3
0.522170
 Run 4
0.316388
 Run 5
0.296905
 Run 6
0.284738
DEPTH=58 TASKS=5000
 Run 1
0.166403
 Run 2
0.544611
 Run 3
0.543464
 Run 4
0.299895
 Run 5
0.507658
 Run 6
0.225365
DEPTH=58 TASKS=5200
 Run 1
0.410451
 Run 2
0.591961
 Run 3
0.212125
 Run 4
0.607590
 Run 5
0.421630
 Run 6
0.689826
DEPTH=58 TASKS=5400
 Run 1
0.534744
 Run 2
0.249032
 Run 3
0.203057
 Run 4
0.416387
 Run 5
0.430290
 Run 6
0.235014
DEPTH=58 TASKS=5600
 Run 1
0.231195
 Run 2
0.426056
 Run 3
0.308404
 Run 4
0.498628
 Run 5
0.568990
 Run 6
0.537463
DEPTH=58 TASKS=5800
 Run 1
0.657647
 Run 2
0.470087
 Run 3
0.618367
 Run 4
0.297083
 Run 5
0.394146
 Run 6
0.516442
DEPTH=58 TASKS=6000
 Run 1
0.168260
 Run 2
0.584509
 Run 3
0.358301
 Run 4
0.386121
 Run 5
0.246163
 Run 6
0.591589
DEPTH=58 TASKS=6200
 Run 1
0.240381
 Run 2
0.342183
 Run 3
0.523223
 Run 4
0.227798
 Run 5
0.498738
 Run 6
0.586661
DEPTH=58 TASKS=6400
 Run 1
0.672664
 Run 2
0.463439
 Run 3
0.259322
 Run 4
0.472671
 Run 5
0.343900
 Run 6
0.401829
DEPTH=58 TASKS=6600
 Run 1
0.770642
 Run 2
0.483324
 Run 3
0.517760
 Run 4
0.095863
 Run 5
0.454332
 Run 6
0.510833
DEPTH=58 TASKS=6800
 Run 1
0.284542
 Run 2
0.411805
 Run 3
0.231570
 Run 4
0.230977
 Run 5
0.642111
 Run 6
0.501304
DEPTH=58 TASKS=7000
 Run 1
0.174053
 Run 2
0.586272
 Run 3
0.261945
 Run 4
0.462052
 Run 5
0.439577
 Run 6
0.260019
DEPTH=58 TASKS=7200
 Run 1
0.578698
 Run 2
0.311099
 Run 3
0.815316
 Run 4
0.428176
 Run 5
0.540682
 Run 6
0.323052
DEPTH=58 TASKS=7400
 Run 1
0.523124
 Run 2
0.599894
 Run 3
0.585405
 Run 4
0.425491
 Run 5
0.527419
 Run 6
0.519630
DEPTH=58 TASKS=7600
 Run 1
0.229986
 Run 2
0.702102
 Run 3
0.477341
 Run 4
0.304444
 Run 5
0.571819
 Run 6
0.431077
DEPTH=58 TASKS=7800
 Run 1
0.464409
 Run 2
0.799133
 Run 3
0.317450
 Run 4
0.479301
 Run 5
0.203406
 Run 6
0.561933
DEPTH=58 TASKS=8000
 Run 1
0.265259
 Run 2
0.297825
 Run 3
0.525609
 Run 4
0.353904
 Run 5
0.270241
 Run 6
0.465027
DEPTH=58 TASKS=8200
 Run 1
0.242526
 Run 2
0.518933
 Run 3
0.198328
 Run 4
0.221110
 Run 5
0.222137
 Run 6
0.283304
DEPTH=58 TASKS=8400
 Run 1
0.266563
 Run 2
0.147565
 Run 3
0.461936
 Run 4
0.640230
 Run 5
0.550079
 Run 6
0.120689
DEPTH=58 TASKS=8600
 Run 1
0.568706
 Run 2
0.590477
 Run 3
0.514143
 Run 4
0.613169
 Run 5
0.501271
 Run 6
0.295842
DEPTH=58 TASKS=8800
 Run 1
0.216358
 Run 2
0.208995
 Run 3
0.305763
 Run 4
0.126399
 Run 5
0.486637
 Run 6
0.157842
DEPTH=58 TASKS=9000
 Run 1
0.499896
 Run 2
0.226931
 Run 3
0.190262
 Run 4
0.486749
 Run 5
0.383353
 Run 6
0.560252
DEPTH=58 TASKS=9200
 Run 1
0.481761
 Run 2
0.542644
 Run 3
0.581834
 Run 4
0.405120
 Run 5
0.473165
 Run 6
0.179135
DEPTH=58 TASKS=9400
 Run 1
0.391825
 Run 2
0.513479
 Run 3
0.223002
 Run 4
0.238360
 Run 5
0.265124
 Run 6
0.384156
DEPTH=58 TASKS=9600
 Run 1
0.527214
 Run 2
0.164587
 Run 3
0.611328
 Run 4
0.673006
 Run 5
0.645470
 Run 6
0.515993
DEPTH=58 TASKS=9800
 Run 1
0.501223
 Run 2
0.372821
 Run 3
0.391841
 Run 4
0.547515
 Run 5
0.212519
 Run 6
0.518600
DEPTH=58 TASKS=10000
 Run 1
0.133931
 Run 2
0.729907
 Run 3
0.304886
 Run 4
0.280890
 Run 5
0.278518
 Run 6
0.282060
DEPTH=62 TASKS=1000
 Run 1
1.208723
 Run 2
1.654591
 Run 3
1.655593
 Run 4
1.210894
 Run 5
1.657227
 Run 6
1.655140
DEPTH=62 TASKS=1200
 Run 1
1.655605
 Run 2
1.198247
 Run 3
1.656284
 Run 4
1.196054
 Run 5
1.661531
 Run 6
1.658049
DEPTH=62 TASKS=1400
 Run 1
0.760023
 Run 2
1.214349
 Run 3
1.661787
 Run 4
0.172776
 Run 5
1.655996
 Run 6
1.213027
DEPTH=62 TASKS=1600
 Run 1
0.661899
 Run 2
0.601643
 Run 3
0.390335
 Run 4
1.216216
 Run 5
0.489852
 Run 6
0.634664
DEPTH=62 TASKS=1800
 Run 1
0.554601
 Run 2
0.789785
 Run 3
0.759469
 Run 4
0.626226
 Run 5
1.202897
 Run 6
0.481087
DEPTH=62 TASKS=2000
 Run 1
1.200834
 Run 2
0.304706
 Run 3
0.433545
 Run 4
0.303935
 Run 5
0.375615
 Run 6
0.495159
DEPTH=62 TASKS=2200
 Run 1
1.205763
 Run 2
0.281080
 Run 3
0.297171
 Run 4
0.197428
 Run 5
0.367122
 Run 6
0.519766
DEPTH=62 TASKS=2400
 Run 1
0.343832
 Run 2
0.377044
 Run 3
0.525337
 Run 4
0.347264
 Run 5
0.448996
 Run 6
0.762687
DEPTH=62 TASKS=2600
 Run 1
0.254712
 Run 2
0.509749
 Run 3
0.447343
 Run 4
0.190614
 Run 5
0.187152
 Run 6
0.449051
DEPTH=62 TASKS=2800
 Run 1
0.440809
 Run 2
0.309221
 Run 3
0.592233
 Run 4
0.281654
 Run 5
0.397760
 Run 6
0.352438
DEPTH=62 TASKS=3000
 Run 1
0.349362
 Run 2
0.267408
 Run 3
0.440530
 Run 4
0.539217
 Run 5
0.159217
 Run 6
0.231613
DEPTH=62 TASKS=3200
 Run 1
0.242359
 Run 2
0.477143
 Run 3
0.139849
 Run 4
0.404513
 Run 5
0.339961
 Run 6
0.577914
DEPTH=62 TASKS=3400
 Run 1
0.461249
 Run 2
0.522926
 Run 3
0.517004
 Run 4
0.536634
 Run 5
0.203535
 Run 6
0.627780
DEPTH=62 TASKS=3600
 Run 1
0.708113
 Run 2
0.322775
 Run 3
0.186982
 Run 4
0.527250
 Run 5
0.279856
 Run 6
0.275965
DEPTH=62 TASKS=3800
 Run 1
0.533522
 Run 2
0.222814
 Run 3
0.265761
 Run 4
0.135023
 Run 5
0.433915
 Run 6
0.297108
DEPTH=62 TASKS=4000
 Run 1
0.508172
 Run 2
0.318321
 Run 3
0.186141
 Run 4
0.516142
 Run 5
0.441827
 Run 6
0.622581
DEPTH=62 TASKS=4200
 Run 1
0.465300
 Run 2
0.602379
 Run 3
0.544114
 Run 4
0.818982
 Run 5
0.206736
 Run 6
0.580044
DEPTH=62 TASKS=4400
 Run 1
0.526572
 Run 2
0.617701
 Run 3
0.595966
 Run 4
0.279076
 Run 5
0.585474
 Run 6
0.620706
DEPTH=62 TASKS=4600
 Run 1
0.312017
 Run 2
0.458441
 Run 3
0.536479
 Run 4
0.229364
 Run 5
0.577907
 Run 6
0.703098
DEPTH=62 TASKS=4800
 Run 1
0.107589
 Run 2
0.545826
 Run 3
0.292781
 Run 4
0.285858
 Run 5
0.420034
 Run 6
0.746324
DEPTH=62 TASKS=5000
 Run 1
0.352469
 Run 2
0.241125
 Run 3
0.470264
 Run 4
0.209497
 Run 5
0.125130
 Run 6
0.164976
DEPTH=62 TASKS=5200
 Run 1
0.538197
 Run 2
0.575547
 Run 3
0.561179
 Run 4
0.310008
 Run 5
0.102141
 Run 6
0.609659
DEPTH=62 TASKS=5400
 Run 1
0.254519
 Run 2
0.381771
 Run 3
0.457247
 Run 4
0.248172
 Run 5
0.327317
 Run 6
0.230607
DEPTH=62 TASKS=5600
 Run 1
0.443846
 Run 2
0.227130
 Run 3
0.611578
 Run 4
0.199337
 Run 5
0.340379
 Run 6
0.537457
DEPTH=62 TASKS=5800
 Run 1
0.723245
 Run 2
0.567937
 Run 3
0.560655
 Run 4
0.663542
 Run 5
0.347830
 Run 6
0.604428
DEPTH=62 TASKS=6000
 Run 1
0.598968
 Run 2
0.734539
 Run 3
0.285045
 Run 4
0.603033
 Run 5
0.243685
 Run 6
0.121283
DEPTH=62 TASKS=6200
 Run 1
0.217502
 Run 2
0.207304
 Run 3
0.547078
 Run 4
0.163160
 Run 5
0.553927
 Run 6
0.184633
DEPTH=62 TASKS=6400
 Run 1
0.372550
 Run 2
0.566145
 Run 3
0.573271
 Run 4
0.558257
 Run 5
0.525169
 Run 6
0.235865
DEPTH=62 TASKS=6600
 Run 1
0.646228
 Run 2
0.419461
 Run 3
0.558616
 Run 4
0.615301
 Run 5
0.505170
 Run 6
0.539233
DEPTH=62 TASKS=6800
 Run 1
0.310917
 Run 2
0.147440
 Run 3
0.554977
 Run 4
0.302151
 Run 5
0.539230
 Run 6
0.723079
DEPTH=62 TASKS=7000
 Run 1
0.293339
 Run 2
0.254238
 Run 3
0.340560
 Run 4
0.289991
 Run 5
0.134845
 Run 6
0.458082
DEPTH=62 TASKS=7200
 Run 1
0.313800
 Run 2
0.271870
 Run 3
0.212812
 Run 4
0.446352
 Run 5
0.371887
 Run 6
0.668483
DEPTH=62 TASKS=7400
 Run 1
0.457121
 Run 2
0.300125
 Run 3
0.246604
 Run 4
0.272103
 Run 5
0.388496
 Run 6
0.433667
DEPTH=62 TASKS=7600
 Run 1
0.158269
 Run 2
0.471889
 Run 3
0.160019
 Run 4
0.245966
 Run 5
0.267421
 Run 6
0.429672
DEPTH=62 TASKS=7800
 Run 1
0.558425
 Run 2
0.236362
 Run 3
0.574003
 Run 4
0.435853
 Run 5
0.379085
 Run 6
0.321168
DEPTH=62 TASKS=8000
 Run 1
0.444798
 Run 2
0.272304
 Run 3
0.335696
 Run 4
0.203976
 Run 5
0.412303
 Run 6
0.295038
DEPTH=62 TASKS=8200
 Run 1
0.356217
 Run 2
0.410869
 Run 3
0.192500
 Run 4
0.128552
 Run 5
0.295561
 Run 6
0.689127
DEPTH=62 TASKS=8400
 Run 1
0.106494
 Run 2
0.290685
 Run 3
0.472488
 Run 4
0.451447
 Run 5
0.383791
 Run 6
0.564600
DEPTH=62 TASKS=8600
 Run 1
0.305422
 Run 2
0.264214
 Run 3
0.215096
 Run 4
0.224760
 Run 5
0.529925
 Run 6
0.371200
DEPTH=62 TASKS=8800
 Run 1
0.673028
 Run 2
0.513189
 Run 3
0.400739
 Run 4
0.388277
 Run 5
0.138461
 Run 6
0.486122
DEPTH=62 TASKS=9000
 Run 1
0.483110
 Run 2
0.414624
 Run 3
0.340599
 Run 4
0.557763
 Run 5
0.524179
 Run 6
0.600117
DEPTH=62 TASKS=9200
 Run 1
0.437063
 Run 2
0.284419
 Run 3
0.772773
 Run 4
0.506480
 Run 5
0.520505
 Run 6
0.619539
DEPTH=62 TASKS=9400
 Run 1
0.308884
 Run 2
0.581872
 Run 3
0.498660
 Run 4
0.516426
 Run 5
0.750910
 Run 6
0.228693
DEPTH=62 TASKS=9600
 Run 1
0.378222
 Run 2
0.520265
 Run 3
0.321419
 Run 4
0.756512
 Run 5
0.480688
 Run 6
0.306668
DEPTH=62 TASKS=9800
 Run 1
0.292226
 Run 2
0.470055
 Run 3
0.360378
 Run 4
0.560101
 Run 5
0.334466
 Run 6
0.298452
DEPTH=62 TASKS=10000
 Run 1
0.496724
 Run 2
0.511029
 Run 3
0.564663
 Run 4
0.314400
 Run 5
0.667819
 Run 6
0.122996
DEPTH=66 TASKS=1000
 Run 1
1.211592
 Run 2
1.212972
 Run 3
1.213679
 Run 4
1.211445
 Run 5
0.653087
 Run 6
0.752324
DEPTH=66 TASKS=1200
 Run 1
0.661516
 Run 2
1.213060
 Run 3
0.659883
 Run 4
0.215353
 Run 5
1.198711
 Run 6
1.196457
DEPTH=66 TASKS=1400
 Run 1
0.757885
 Run 2
1.213831
 Run 3
0.566154
 Run 4
1.199259
 Run 5
1.201018
 Run 6
0.559433
DEPTH=66 TASKS=1600
 Run 1
0.774142
 Run 2
0.756463
 Run 3
1.212826
 Run 4
0.460696
 Run 5
1.213503
 Run 6
0.205421
DEPTH=66 TASKS=1800
 Run 1
0.777911
 Run 2
0.657679
 Run 3
1.204476
 Run 4
0.488863
 Run 5
0.205193
 Run 6
0.657320
DEPTH=66 TASKS=2000
 Run 1
0.135771
 Run 2
0.486939
 Run 3
0.554540
 Run 4
0.553583
 Run 5
0.632616
 Run 6
0.410884
DEPTH=66 TASKS=2200
 Run 1
0.763522
 Run 2
0.193756
 Run 3
0.391394
 Run 4
0.232197
 Run 5
0.644619
 Run 6
1.206779
DEPTH=66 TASKS=2400
 Run 1
0.536870
 Run 2
0.278635
 Run 3
0.231458
 Run 4
0.413924
 Run 5
0.487675
 Run 6
0.193973
DEPTH=66 TASKS=2600
 Run 1
0.337539
 Run 2
0.233889
 Run 3
0.365880
 Run 4
0.550757
 Run 5
0.383589
 Run 6
0.465277
DEPTH=66 TASKS=2800
 Run 1
0.565037
 Run 2
0.595827
 Run 3
0.246833
 Run 4
0.458045
 Run 5
0.225957
 Run 6
0.572685
DEPTH=66 TASKS=3000
 Run 1
0.550332
 Run 2
0.445535
 Run 3
0.498123
 Run 4
0.434247
 Run 5
0.105383
 Run 6
0.285078
DEPTH=66 TASKS=3200
 Run 1
0.163817
 Run 2
0.230281
 Run 3
0.283465
 Run 4
0.266397
 Run 5
0.616355
 Run 6
0.326020
DEPTH=66 TASKS=3400
 Run 1
0.351426
 Run 2
0.197929
 Run 3
0.433857
 Run 4
0.492624
 Run 5
0.780468
 Run 6
0.419533
DEPTH=66 TASKS=3600
 Run 1
0.292406
 Run 2
0.320806
 Run 3
0.259615
 Run 4
0.588883
 Run 5
0.626374
 Run 6
0.270587
DEPTH=66 TASKS=3800
 Run 1
0.515929
 Run 2
0.533192
 Run 3
0.464281
 Run 4
0.630159
 Run 5
0.634170
 Run 6
0.258075
DEPTH=66 TASKS=4000
 Run 1
0.233866
 Run 2
0.702557
 Run 3
0.198381
 Run 4
0.423478
 Run 5
0.844325
 Run 6
0.387533
DEPTH=66 TASKS=4200
 Run 1
0.584991
 Run 2
0.577763
 Run 3
0.240136
 Run 4
0.213596
 Run 5
0.092224
 Run 6
0.242012
DEPTH=66 TASKS=4400
 Run 1
0.458863
 Run 2
0.563898
 Run 3
0.478252
 Run 4
0.541576
 Run 5
0.617461
 Run 6
0.629483
DEPTH=66 TASKS=4600
 Run 1
0.484969
 Run 2
0.574658
 Run 3
0.534703
 Run 4
0.275931
 Run 5
0.596651
 Run 6
0.229648
DEPTH=66 TASKS=4800
 Run 1
0.349707
 Run 2
0.161546
 Run 3
0.398986
 Run 4
0.612508
 Run 5
0.589541
 Run 6
0.372811
DEPTH=66 TASKS=5000
 Run 1
0.574031
 Run 2
0.613649
 Run 3
0.590606
 Run 4
0.479858
 Run 5
0.260872
 Run 6
0.539001
DEPTH=66 TASKS=5200
 Run 1
0.188733
 Run 2
0.538015
 Run 3
0.475608
 Run 4
0.397958
 Run 5
0.482166
 Run 6
0.331374
DEPTH=66 TASKS=5400
 Run 1
0.284804
 Run 2
0.471170
 Run 3
0.225940
 Run 4
0.426913
 Run 5
0.138250
 Run 6
0.510818
DEPTH=66 TASKS=5600
 Run 1
0.207184
 Run 2
0.222329
 Run 3
0.565348
 Run 4
0.247358
 Run 5
0.217620
 Run 6
0.396558
DEPTH=66 TASKS=5800
 Run 1
0.475297
 Run 2
0.289482
 Run 3
0.645224
 Run 4
0.501798
 Run 5
0.701914
 Run 6
0.271833
DEPTH=66 TASKS=6000
 Run 1
0.558094
 Run 2
0.197056
 Run 3
0.648816
 Run 4
0.482120
 Run 5
0.298295
 Run 6
0.707796
DEPTH=66 TASKS=6200
 Run 1
0.584063
 Run 2
0.537728
 Run 3
0.547404
 Run 4
0.244595
 Run 5
0.329139
 Run 6
0.517105
DEPTH=66 TASKS=6400
 Run 1
0.515142
 Run 2
0.459236
 Run 3
0.644151
 Run 4
0.372776
 Run 5
0.469150
 Run 6
0.502798
DEPTH=66 TASKS=6600
 Run 1
0.554691
 Run 2
0.597916
 Run 3
0.508032
 Run 4
0.555701
 Run 5
0.325593
 Run 6
0.520792
DEPTH=66 TASKS=6800
 Run 1
0.407112
 Run 2
0.209550
 Run 3
0.389357
 Run 4
0.190806
 Run 5
0.579401
 Run 6
0.309864
DEPTH=66 TASKS=7000
 Run 1
0.289698
 Run 2
0.653449
 Run 3
0.610919
 Run 4
0.553446
 Run 5
0.531019
 Run 6
0.405491
DEPTH=66 TASKS=7200
 Run 1
0.549126
 Run 2
0.374544
 Run 3
0.421888
 Run 4
0.306078
 Run 5
0.296404
 Run 6
0.503599
DEPTH=66 TASKS=7400
 Run 1
0.446604
 Run 2
0.665078
 Run 3
0.557373
 Run 4
0.327832
 Run 5
0.221559
 Run 6
0.496883
DEPTH=66 TASKS=7600
 Run 1
0.489435
 Run 2
0.363560
 Run 3
0.498093
 Run 4
0.482623
 Run 5
0.601703
 Run 6
0.665623
DEPTH=66 TASKS=7800
 Run 1
0.354230
 Run 2
0.507732
 Run 3
0.225466
 Run 4
0.517402
 Run 5
0.761097
 Run 6
0.293298
DEPTH=66 TASKS=8000
 Run 1
0.360875
 Run 2
0.535060
 Run 3
0.418512
 Run 4
0.264364
 Run 5
0.247771
 Run 6
0.375135
DEPTH=66 TASKS=8200
 Run 1
0.599642
 Run 2
0.401157
 Run 3
0.642576
 Run 4
0.446873
 Run 5
0.220890
 Run 6
0.231495
DEPTH=66 TASKS=8400
 Run 1
0.336798
 Run 2
0.325891
 Run 3
0.298157
 Run 4
0.361111
 Run 5
0.500317
 Run 6
0.628510
DEPTH=66 TASKS=8600
 Run 1
0.408246
 Run 2
0.147446
 Run 3
0.484679
 Run 4
0.623624
 Run 5
0.300474
 Run 6
0.309801
DEPTH=66 TASKS=8800
 Run 1
0.555369
 Run 2
0.241588
 Run 3
0.657339
 Run 4
0.252407
 Run 5
0.656760
 Run 6
0.363772
DEPTH=66 TASKS=9000
 Run 1
0.097817
 Run 2
0.171280
 Run 3
0.540336
 Run 4
0.164527
 Run 5
0.779983
 Run 6
0.545252
DEPTH=66 TASKS=9200
 Run 1
0.592893
 Run 2
0.469495
 Run 3
0.332842
 Run 4
0.270251
 Run 5
0.783094
 Run 6
0.311491
DEPTH=66 TASKS=9400
 Run 1
0.509702
 Run 2
0.712149
 Run 3
0.128210
 Run 4
0.266796
 Run 5
0.354193
 Run 6
0.571554
DEPTH=66 TASKS=9600
 Run 1
0.341763
 Run 2
0.663623
 Run 3
0.605508
 Run 4
0.554526
 Run 5
0.426318
 Run 6
0.192987
DEPTH=66 TASKS=9800
 Run 1
0.307471
 Run 2
0.270051
 Run 3
0.505620
 Run 4
0.448576
 Run 5
0.263869
 Run 6
0.455220
DEPTH=66 TASKS=10000
 Run 1
0.315373
 Run 2
0.137490
 Run 3
0.368548
 Run 4
0.400479
 Run 5
0.289685
 Run 6
0.417721
DEPTH=70 TASKS=1000
 Run 1
1.199675
 Run 2
1.193274
 Run 3
1.209307
 Run 4
1.212594
 Run 5
1.655244
 Run 6
1.213442
DEPTH=70 TASKS=1200
 Run 1
0.756865
 Run 2
1.211145
 Run 3
0.466320
 Run 4
1.197714
 Run 5
1.215247
 Run 6
1.230966
DEPTH=70 TASKS=1400
 Run 1
1.217938
 Run 2
1.215659
 Run 3
0.980643
 Run 4
0.403361
 Run 5
1.656753
 Run 6
0.656656
DEPTH=70 TASKS=1600
 Run 1
0.560566
 Run 2
0.656621
 Run 3
0.204198
 Run 4
1.656532
 Run 5
0.444242
 Run 6
1.202220
DEPTH=70 TASKS=1800
 Run 1
1.217021
 Run 2
0.758829
 Run 3
1.218614
 Run 4
0.360809
 Run 5
0.626785
 Run 6
0.760742
DEPTH=70 TASKS=2000
 Run 1
1.205141
 Run 2
0.686864
 Run 3
0.493174
 Run 4
0.484838
 Run 5
0.541042
 Run 6
0.245106
DEPTH=70 TASKS=2200
 Run 1
0.763196
 Run 2
0.293039
 Run 3
0.486283
 Run 4
0.474956
 Run 5
0.313677
 Run 6
0.259843
DEPTH=70 TASKS=2400
 Run 1
0.318211
 Run 2
0.191281
 Run 3
0.428298
 Run 4
0.491686
 Run 5
0.566408
 Run 6
0.204380
DEPTH=70 TASKS=2600
 Run 1
0.704225
 Run 2
0.522899
 Run 3
0.558375
 Run 4
0.248296
 Run 5
0.295172
 Run 6
0.286319
DEPTH=70 TASKS=2800
 Run 1
0.247451
 Run 2
0.130264
 Run 3
0.379071
 Run 4
0.483059
 Run 5
0.097291
 Run 6
0.226083
DEPTH=70 TASKS=3000
 Run 1
0.285691
 Run 2
0.541119
 Run 3
0.380815
 Run 4
0.406908
 Run 5
0.579393
 Run 6
0.244126
DEPTH=70 TASKS=3200
 Run 1
0.697983
 Run 2
0.228110
 Run 3
0.542110
 Run 4
0.546004
 Run 5
0.136437
 Run 6
0.387148
DEPTH=70 TASKS=3400
 Run 1
0.225469
 Run 2
0.534045
 Run 3
0.539265
 Run 4
0.233600
 Run 5
0.541554
 Run 6
0.330802
DEPTH=70 TASKS=3600
 Run 1
0.244186
 Run 2
0.314494
 Run 3
0.265557
 Run 4
0.304050
 Run 5
0.516935
 Run 6
0.465058
DEPTH=70 TASKS=3800
 Run 1
0.177784
 Run 2
0.228807
 Run 3
0.839910
 Run 4
0.645165
 Run 5
0.589981
 Run 6
0.590384
DEPTH=70 TASKS=4000
 Run 1
0.274766
 Run 2
0.405999
 Run 3
0.191752
 Run 4
0.538972
 Run 5
0.529723
 Run 6
0.236390
DEPTH=70 TASKS=4200
 Run 1
0.202434
 Run 2
0.355900
 Run 3
0.666332
 Run 4
0.156352
 Run 5
0.540568
 Run 6
0.520024
DEPTH=70 TASKS=4400
 Run 1
0.099365
 Run 2
0.464902
 Run 3
0.595860
 Run 4
0.495449
 Run 5
0.377920
 Run 6
0.364683
DEPTH=70 TASKS=4600
 Run 1
0.467199
 Run 2
0.647982
 Run 3
0.529450
 Run 4
0.594363
 Run 5
0.598271
 Run 6
0.166653
DEPTH=70 TASKS=4800
 Run 1
0.538657
 Run 2
0.536500
 Run 3
0.196047
 Run 4
0.244793
 Run 5
0.279953
 Run 6
0.475954
DEPTH=70 TASKS=5000
 Run 1
0.305092
 Run 2
0.398858
 Run 3
0.459595
 Run 4
0.310159
 Run 5
0.155676
 Run 6
0.150168
DEPTH=70 TASKS=5200
 Run 1
0.221695
 Run 2
0.501218
 Run 3
0.294551
 Run 4
0.345909
 Run 5
0.314983
 Run 6
0.320413
DEPTH=70 TASKS=5400
 Run 1
0.328515
 Run 2
0.463540
 Run 3
0.393847
 Run 4
0.412988
 Run 5
0.371346
 Run 6
0.528611
DEPTH=70 TASKS=5600
 Run 1
0.375539
 Run 2
0.541507
 Run 3
0.538449
 Run 4
0.454155
 Run 5
0.394796
 Run 6
0.611810
DEPTH=70 TASKS=5800
 Run 1
0.553286
 Run 2
0.244041
 Run 3
0.553483
 Run 4
0.498318
 Run 5
0.549297
 Run 6
0.260867
DEPTH=70 TASKS=6000
 Run 1
0.107375
 Run 2
0.115610
 Run 3
0.466927
 Run 4
0.209880
 Run 5
0.428642
 Run 6
0.279953
DEPTH=70 TASKS=6200
 Run 1
0.480356
 Run 2
0.507128
 Run 3
0.274514
 Run 4
0.294436
 Run 5
0.698753
 Run 6
0.259570
DEPTH=70 TASKS=6400
 Run 1
0.225939
 Run 2
0.535920
 Run 3
0.326108
 Run 4
0.373793
 Run 5
0.817655
 Run 6
0.570025
DEPTH=70 TASKS=6600
 Run 1
0.554554
 Run 2
0.224592
 Run 3
0.570350
 Run 4
0.560140
 Run 5
0.338072
 Run 6
0.283100
DEPTH=70 TASKS=6800
 Run 1
0.627735
 Run 2
0.453532
 Run 3
0.330486
 Run 4
0.487296
 Run 5
0.316449
 Run 6
0.483563
DEPTH=70 TASKS=7000
 Run 1
0.481555
 Run 2
0.096876
 Run 3
0.275126
 Run 4
0.348756
 Run 5
0.750394
 Run 6
0.598772
DEPTH=70 TASKS=7200
 Run 1
0.651569
 Run 2
0.154072
 Run 3
0.261067
 Run 4
0.211787
 Run 5
0.444022
 Run 6
0.515596
DEPTH=70 TASKS=7400
 Run 1
0.510118
 Run 2
0.372633
 Run 3
0.483782
 Run 4
0.388520
 Run 5
0.602935
 Run 6
0.451695
DEPTH=70 TASKS=7600
 Run 1
0.166183
 Run 2
0.336615
 Run 3
0.175042
 Run 4
0.396911
 Run 5
0.309203
 Run 6
0.504684
DEPTH=70 TASKS=7800
 Run 1
0.527547
 Run 2
0.237727
 Run 3
0.461558
 Run 4
0.543144
 Run 5
0.476321
 Run 6
0.196039
DEPTH=70 TASKS=8000
 Run 1
0.487031
 Run 2
0.287103
 Run 3
0.666110
 Run 4
0.216636
 Run 5
0.187837
 Run 6
0.343198
DEPTH=70 TASKS=8200
 Run 1
0.644579
 Run 2
0.530701
 Run 3
0.124711
 Run 4
0.364394
 Run 5
0.138788
 Run 6
0.535852
DEPTH=70 TASKS=8400
 Run 1
0.443034
 Run 2
0.218388
 Run 3
0.573836
 Run 4
0.801565
 Run 5
0.479571
 Run 6
0.592973
DEPTH=70 TASKS=8600
 Run 1
0.199130
 Run 2
0.246611
 Run 3
0.588849
 Run 4
0.447706
 Run 5
0.209904
 Run 6
0.184019
DEPTH=70 TASKS=8800
 Run 1
0.592698
 Run 2
0.474807
 Run 3
0.356653
 Run 4
0.259878
 Run 5
0.607032
 Run 6
0.604343
DEPTH=70 TASKS=9000
 Run 1
0.444358
 Run 2
0.285029
 Run 3
0.664553
 Run 4
0.448464
 Run 5
0.204314
 Run 6
0.246284
DEPTH=70 TASKS=9200
 Run 1
0.754517
 Run 2
0.529665
 Run 3
0.125045
 Run 4
0.312520
 Run 5
0.153021
 Run 6
0.492298
DEPTH=70 TASKS=9400
 Run 1
0.731343
 Run 2
0.295687
 Run 3
0.493672
 Run 4
0.307675
 Run 5
0.595113
 Run 6
0.593953
DEPTH=70 TASKS=9600
 Run 1
0.546076
 Run 2
0.484246
 Run 3
0.388833
 Run 4
0.476290
 Run 5
0.576598
 Run 6
0.453814
DEPTH=70 TASKS=9800
 Run 1
0.484673
 Run 2
0.240191
 Run 3
0.402648
 Run 4
0.606536
 Run 5
0.214724
 Run 6
0.501706
DEPTH=70 TASKS=10000
 Run 1
0.231152
 Run 2
0.467684
 Run 3
0.628997
 Run 4
0.320358
 Run 5
0.475630
 Run 6
0.476054
DEPTH=74 TASKS=1000
 Run 1
1.211135
 Run 2
1.654966
 Run 3
0.754144
 Run 4
1.656227
 Run 5
1.212659
 Run 6
1.215584
DEPTH=74 TASKS=1200
 Run 1
0.656313
 Run 2
1.657054
 Run 3
1.211866
 Run 4
0.753132
 Run 5
1.212144
 Run 6
0.660029
DEPTH=74 TASKS=1400
 Run 1
1.212847
 Run 2
1.212899
 Run 3
1.212502
 Run 4
0.609520
 Run 5
0.314492
 Run 6
0.264870
DEPTH=74 TASKS=1600
 Run 1
1.202344
 Run 2
0.752994
 Run 3
0.256481
 Run 4
0.647286
 Run 5
0.488025
 Run 6
0.482267
DEPTH=74 TASKS=1800
 Run 1
1.661785
 Run 2
0.554854
 Run 3
0.481436
 Run 4
0.343097
 Run 5
0.187188
 Run 6
1.203597
DEPTH=74 TASKS=2000
 Run 1
0.487769
 Run 2
0.196300
 Run 3
0.758841
 Run 4
0.345992
 Run 5
0.461243
 Run 6
1.211632
DEPTH=74 TASKS=2200
 Run 1
0.237279
 Run 2
1.206056
 Run 3
0.242649
 Run 4
0.338798
 Run 5
0.735113
 Run 6
0.272892
DEPTH=74 TASKS=2400
 Run 1
0.544176
 Run 2
0.208614
 Run 3
0.347513
 Run 4
0.136340
 Run 5
0.762680
 Run 6
0.326302
DEPTH=74 TASKS=2600
 Run 1
0.467257
 Run 2
0.563282
 Run 3
0.410605
 Run 4
0.173749
 Run 5
0.274371
 Run 6
0.183875
DEPTH=74 TASKS=2800
 Run 1
0.325960
 Run 2
0.679541
 Run 3
0.368277
 Run 4
0.323059
 Run 5
0.493095
 Run 6
0.175534
DEPTH=74 TASKS=3000
 Run 1
0.199038
 Run 2
0.596507
 Run 3
0.701370
 Run 4
0.565497
 Run 5
0.363942
 Run 6
0.251869
DEPTH=74 TASKS=3200
 Run 1
0.701785
 Run 2
0.377589
 Run 3
0.457251
 Run 4
0.269659
 Run 5
0.517741
 Run 6
0.199138
DEPTH=74 TASKS=3400
 Run 1
0.255399
 Run 2
0.236852
 Run 3
0.412900
 Run 4
0.211289
 Run 5
0.211310
 Run 6
0.402164
DEPTH=74 TASKS=3600
 Run 1
0.189174
 Run 2
0.284742
 Run 3
0.092895
 Run 4
0.355416
 Run 5
0.211236
 Run 6
0.337908
DEPTH=74 TASKS=3800
 Run 1
0.347585
 Run 2
0.519111
 Run 3
0.716525
 Run 4
0.559161
 Run 5
0.517022
 Run 6
0.461512
DEPTH=74 TASKS=4000
 Run 1
0.354067
 Run 2
0.652171
 Run 3
0.466006
 Run 4
0.314261
 Run 5
0.305338
 Run 6
0.292582
DEPTH=74 TASKS=4200
 Run 1
0.336202
 Run 2
0.148819
 Run 3
0.299753
 Run 4
0.209824
 Run 5
0.213915
 Run 6
0.577652
DEPTH=74 TASKS=4400
 Run 1
0.332820
 Run 2
0.340441
 Run 3
0.305990
 Run 4
0.287093
 Run 5
0.559001
 Run 6
0.474311
DEPTH=74 TASKS=4600
 Run 1
0.188875
 Run 2
0.421290
 Run 3
0.523980
 Run 4
0.529709
 Run 5
0.550497
 Run 6
0.650781
DEPTH=74 TASKS=4800
 Run 1
0.568071
 Run 2
0.677086
 Run 3
0.137887
 Run 4
0.498437
 Run 5
0.506823
 Run 6
0.618424
DEPTH=74 TASKS=5000
 Run 1
0.314734
 Run 2
0.284034
 Run 3
0.218576
 Run 4
0.557078
 Run 5
0.406549
 Run 6
0.318439
DEPTH=74 TASKS=5200
 Run 1
0.530614
 Run 2
0.240573
 Run 3
0.456990
 Run 4
0.514003
 Run 5
0.606972
 Run 6
0.100900
DEPTH=74 TASKS=5400
 Run 1
0.414030
 Run 2
0.656141
 Run 3
0.332619
 Run 4
0.549538
 Run 5
0.703079
 Run 6
0.580350
DEPTH=74 TASKS=5600
 Run 1
0.461908
 Run 2
0.198320
 Run 3
0.494026
 Run 4
0.226694
 Run 5
0.264582
 Run 6
0.166444
DEPTH=74 TASKS=5800
 Run 1
0.635539
 Run 2
0.255463
 Run 3
0.625957
 Run 4
0.219665
 Run 5
0.289307
 Run 6
0.671778
DEPTH=74 TASKS=6000
 Run 1
0.395090
 Run 2
0.437135
 Run 3
0.136027
 Run 4
0.541866
 Run 5
0.163748
 Run 6
0.587833
DEPTH=74 TASKS=6200
 Run 1
0.435292
 Run 2
0.648937
 Run 3
0.561969
 Run 4
0.310945
 Run 5
0.364071
 Run 6
0.670471
DEPTH=74 TASKS=6400
 Run 1
0.526559
 Run 2
0.510475
 Run 3
0.208234
 Run 4
0.633832
 Run 5
0.326972
 Run 6
0.490588
DEPTH=74 TASKS=6600
 Run 1
0.154963
 Run 2
0.440547
 Run 3
0.544144
 Run 4
0.549350
 Run 5
0.528453
 Run 6
0.265005
DEPTH=74 TASKS=6800
 Run 1
0.502010
 Run 2
0.566736
 Run 3
0.187232
 Run 4
0.287428
 Run 5
0.548471
 Run 6
0.565094
DEPTH=74 TASKS=7000
 Run 1
0.542504
 Run 2
0.524256
 Run 3
0.448560
 Run 4
0.250654
 Run 5
0.605656
 Run 6
0.628473
DEPTH=74 TASKS=7200
 Run 1
0.728766
 Run 2
0.220043
 Run 3
0.326701
 Run 4
0.547967
 Run 5
0.149850
 Run 6
0.397885
DEPTH=74 TASKS=7400
 Run 1
0.404630
 Run 2
0.344454
 Run 3
0.511402
 Run 4
0.249415
 Run 5
0.335325
 Run 6
0.252988
DEPTH=74 TASKS=7600
 Run 1
0.240328
 Run 2
0.423168
 Run 3
0.416450
 Run 4
0.484572
 Run 5
0.628431
 Run 6
0.341362
DEPTH=74 TASKS=7800
 Run 1
0.334480
 Run 2
0.724363
 Run 3
0.489631
 Run 4
0.555801
 Run 5
0.212301
 Run 6
0.327719
DEPTH=74 TASKS=8000
 Run 1
0.236293
 Run 2
0.229765
 Run 3
0.623020
 Run 4
0.572391
 Run 5
0.560661
 Run 6
0.217334
DEPTH=74 TASKS=8200
 Run 1
0.212930
 Run 2
0.643743
 Run 3
0.412957
 Run 4
0.243742
 Run 5
0.536909
 Run 6
0.231138
DEPTH=74 TASKS=8400
 Run 1
0.323986
 Run 2
0.269225
 Run 3
0.722094
 Run 4
0.298377
 Run 5
0.687179
 Run 6
0.144946
DEPTH=74 TASKS=8600
 Run 1
0.610312
 Run 2
0.236198
 Run 3
0.301458
 Run 4
0.242925
 Run 5
0.363834
 Run 6
0.322907
DEPTH=74 TASKS=8800
 Run 1
Timeout exceeded (7 seconds)
nan
 Run 2
0.320827
 Run 3
0.442323
 Run 4
0.351198
 Run 5
0.420478
 Run 6
0.613614
DEPTH=74 TASKS=9000
 Run 1
0.559718
 Run 2
0.590847
 Run 3
0.564852
 Run 4
0.679952
 Run 5
0.385801
 Run 6
0.521647
DEPTH=74 TASKS=9200
 Run 1
0.326607
 Run 2
0.630629
 Run 3
0.458643
 Run 4
0.523892
 Run 5
0.156070
 Run 6
0.475041
DEPTH=74 TASKS=9400
 Run 1
0.521426
 Run 2
0.675707
 Run 3
0.544135
 Run 4
0.105882
 Run 5
0.659034
 Run 6
0.354151
DEPTH=74 TASKS=9600
 Run 1
0.301559
 Run 2
0.424935
 Run 3
0.481433
 Run 4
0.287217
 Run 5
0.296178
 Run 6
0.294639
DEPTH=74 TASKS=9800
 Run 1
0.730127
 Run 2
0.757876
 Run 3
0.149897
 Run 4
0.632414
 Run 5
0.578688
 Run 6
0.308533
DEPTH=74 TASKS=10000
 Run 1
0.392034
 Run 2
0.528844
 Run 3
0.646626
 Run 4
0.514851
 Run 5
0.344390
 Run 6
0.582126
DEPTH=78 TASKS=1000
 Run 1
0.555669
 Run 2
1.655468
 Run 3
1.195509
 Run 4
1.211508
 Run 5
0.658891
 Run 6
1.213094
DEPTH=78 TASKS=1200
 Run 1
0.660447
 Run 2
0.592201
 Run 3
1.213025
 Run 4
0.381077
 Run 5
1.655727
 Run 6
1.213164
DEPTH=78 TASKS=1400
 Run 1
1.211652
 Run 2
0.373212
 Run 3
0.757529
 Run 4
1.221478
 Run 5
1.196785
 Run 6
0.755014
DEPTH=78 TASKS=1600
 Run 1
0.656717
 Run 2
1.214179
 Run 3
0.758820
 Run 4
0.247404
 Run 5
0.284576
 Run 6
1.202388
DEPTH=78 TASKS=1800
 Run 1
0.406114
 Run 2
0.580248
 Run 3
0.165358
 Run 4
0.482961
 Run 5
0.729002
 Run 6
1.202271
DEPTH=78 TASKS=2000
 Run 1
0.153553
 Run 2
0.131517
 Run 3
0.521899
 Run 4
0.376152
 Run 5
0.488074
 Run 6
0.579620
DEPTH=78 TASKS=2200
 Run 1
0.547848
 Run 2
0.077303
 Run 3
0.234591
 Run 4
0.573090
 Run 5
0.762604
 Run 6
0.588811
DEPTH=78 TASKS=2400
 Run 1
0.426728
 Run 2
0.401235
 Run 3
0.347960
 Run 4
0.296661
 Run 5
0.748063
 Run 6
0.612888
DEPTH=78 TASKS=2600
 Run 1
0.208931
 Run 2
0.222116
 Run 3
0.305611
 Run 4
0.450384
 Run 5
0.387504
 Run 6
0.501208
DEPTH=78 TASKS=2800
 Run 1
0.317609
 Run 2
0.295726
 Run 3
0.414066
 Run 4
0.234096
 Run 5
0.551927
 Run 6
0.305803
DEPTH=78 TASKS=3000
 Run 1
0.510825
 Run 2
0.116885
 Run 3
0.665619
 Run 4
0.336437
 Run 5
0.564279
 Run 6
0.277752
DEPTH=78 TASKS=3200
 Run 1
0.222086
 Run 2
0.418232
 Run 3
0.425167
 Run 4
0.320618
 Run 5
0.663104
 Run 6
0.136032
DEPTH=78 TASKS=3400
 Run 1
0.483102
 Run 2
0.480723
 Run 3
0.306817
 Run 4
0.110397
 Run 5
0.533602
 Run 6
0.292030
DEPTH=78 TASKS=3600
 Run 1
0.623374
 Run 2
0.531127
 Run 3
0.590336
 Run 4
0.339033
 Run 5
0.613796
 Run 6
0.200122
DEPTH=78 TASKS=3800
 Run 1
0.207113
 Run 2
0.714962
 Run 3
0.803017
 Run 4
0.372443
 Run 5
0.582014
 Run 6
0.210260
DEPTH=78 TASKS=4000
 Run 1
0.404442
 Run 2
0.505019
 Run 3
0.485828
 Run 4
0.544600
 Run 5
0.560829
 Run 6
0.157709
DEPTH=78 TASKS=4200
 Run 1
0.350097
 Run 2
0.529480
 Run 3
0.363412
 Run 4
0.382138
 Run 5
0.561426
 Run 6
0.378178
DEPTH=78 TASKS=4400
 Run 1
0.507512
 Run 2
0.640584
 Run 3
0.262507
 Run 4
0.610674
 Run 5
0.487151
 Run 6
0.492403
DEPTH=78 TASKS=4600
 Run 1
0.519447
 Run 2
0.310914
 Run 3
0.594750
 Run 4
0.604388
 Run 5
0.600925
 Run 6
0.547222
DEPTH=78 TASKS=4800
 Run 1
0.219850
 Run 2
0.343667
 Run 3
0.552811
 Run 4
0.630135
 Run 5
0.500754
 Run 6
0.601731
DEPTH=78 TASKS=5000
 Run 1
0.462527
 Run 2
0.239007
 Run 3
0.290637
 Run 4
0.302960
 Run 5
0.599556
 Run 6
0.241799
DEPTH=78 TASKS=5200
 Run 1
0.533243
 Run 2
0.139117
 Run 3
0.258055
 Run 4
0.462535
 Run 5
0.630198
 Run 6
0.262130
DEPTH=78 TASKS=5400
 Run 1
0.434243
 Run 2
0.481432
 Run 3
0.584328
 Run 4
0.668084
 Run 5
0.094053
 Run 6
0.519462
DEPTH=78 TASKS=5600
 Run 1
0.468475
 Run 2
0.233664
 Run 3
0.235469
 Run 4
0.431083
 Run 5
0.240959
 Run 6
0.610608
DEPTH=78 TASKS=5800
 Run 1
0.090901
 Run 2
0.427304
 Run 3
0.567535
 Run 4
0.662992
 Run 5
0.854364
 Run 6
0.642587
DEPTH=78 TASKS=6000
 Run 1
0.613713
 Run 2
0.292751
 Run 3
0.300956
 Run 4
0.209466
 Run 5
0.678549
 Run 6
0.469784
DEPTH=78 TASKS=6200
 Run 1
0.655136
 Run 2
0.600548
 Run 3
0.510472
 Run 4
0.218771
 Run 5
0.248654
 Run 6
0.545752
DEPTH=78 TASKS=6400
 Run 1
0.544009
 Run 2
0.262257
 Run 3
0.187425
 Run 4
0.467139
 Run 5
0.661662
 Run 6
0.265680
DEPTH=78 TASKS=6600
 Run 1
0.683072
 Run 2
0.697759
 Run 3
0.359357
 Run 4
0.348568
 Run 5
0.389331
 Run 6
0.582520
DEPTH=78 TASKS=6800
 Run 1
0.291692
 Run 2
0.272050
 Run 3
0.495469
 Run 4
0.177837
 Run 5
0.552607
 Run 6
0.306453
DEPTH=78 TASKS=7000
 Run 1
0.483086
 Run 2
0.490539
 Run 3
0.679235
 Run 4
0.555413
 Run 5
0.200584
 Run 6
0.632044
DEPTH=78 TASKS=7200
 Run 1
0.249225
 Run 2
0.607075
 Run 3
0.527770
 Run 4
0.538689
 Run 5
0.423615
 Run 6
0.214094
DEPTH=78 TASKS=7400
 Run 1
0.122390
 Run 2
0.647118
 Run 3
0.629138
 Run 4
0.470305
 Run 5
0.684040
 Run 6
0.408679
DEPTH=78 TASKS=7600
 Run 1
0.610753
 Run 2
0.712502
 Run 3
0.569935
 Run 4
0.690286
 Run 5
0.537555
 Run 6
0.569941
DEPTH=78 TASKS=7800
 Run 1
0.240813
 Run 2
0.276299
 Run 3
0.262764
 Run 4
0.403647
 Run 5
0.336688
 Run 6
0.554095
DEPTH=78 TASKS=8000
 Run 1
0.363609
 Run 2
0.488055
 Run 3
0.297059
 Run 4
0.468010
 Run 5
0.575500
 Run 6
0.487729
DEPTH=78 TASKS=8200
 Run 1
0.483642
 Run 2
0.596482
 Run 3
0.266015
 Run 4
0.158227
 Run 5
0.234448
 Run 6
0.780718
DEPTH=78 TASKS=8400
 Run 1
0.620002
 Run 2
0.527825
 Run 3
0.534418
 Run 4
0.511954
 Run 5
0.532237
 Run 6
0.498694
DEPTH=78 TASKS=8600
 Run 1
0.331697
 Run 2
0.505770
 Run 3
0.232150
 Run 4
0.297468
 Run 5
0.487133
 Run 6
0.550891
DEPTH=78 TASKS=8800
 Run 1
0.232414
 Run 2
0.252498
 Run 3
0.246086
 Run 4
0.652538
 Run 5
0.345054
 Run 6
0.459986
DEPTH=78 TASKS=9000
 Run 1
0.533721
 Run 2
0.530476
 Run 3
0.577088
 Run 4
0.538013
 Run 5
0.376883
 Run 6
0.224309
DEPTH=78 TASKS=9200
 Run 1
0.479005
 Run 2
0.569827
 Run 3
0.637077
 Run 4
0.666469
 Run 5
0.271703
 Run 6
0.358070
DEPTH=78 TASKS=9400
 Run 1
0.410374
 Run 2
0.529830
 Run 3
0.254876
 Run 4
0.303725
 Run 5
0.551899
 Run 6
0.408558
DEPTH=78 TASKS=9600
 Run 1
0.510829
 Run 2
0.548972
 Run 3
0.565171
 Run 4
0.648800
 Run 5
0.385917
 Run 6
0.427208
DEPTH=78 TASKS=9800
 Run 1
0.273855
 Run 2
0.143272
 Run 3
0.496009
 Run 4
0.447434
 Run 5
0.379563
 Run 6
0.243423
DEPTH=78 TASKS=10000
 Run 1
0.621560
 Run 2
0.463582
 Run 3
0.595137
 Run 4
0.495162
 Run 5
0.262046
 Run 6
0.423103
DEPTH=82 TASKS=1000
 Run 1
1.213392
 Run 2
1.211878
 Run 3
0.655448
 Run 4
1.211263
 Run 5
1.653373
 Run 6
1.216094
DEPTH=82 TASKS=1200
 Run 1
0.600382
 Run 2
1.217875
 Run 3
0.655738
 Run 4
1.211536
 Run 5
1.661416
 Run 6
0.341877
DEPTH=82 TASKS=1400
 Run 1
0.417765
 Run 2
1.212249
 Run 3
0.158497
 Run 4
0.737977
 Run 5
1.656530
 Run 6
1.210953
DEPTH=82 TASKS=1600
 Run 1
0.499715
 Run 2
0.344591
 Run 3
0.759647
 Run 4
0.619840
 Run 5
0.600337
 Run 6
0.230300
DEPTH=82 TASKS=1800
 Run 1
1.203846
 Run 2
0.434935
 Run 3
0.484248
 Run 4
1.203360
 Run 5
1.657905
 Run 6
0.343107
DEPTH=82 TASKS=2000
 Run 1
0.481944
 Run 2
0.762067
 Run 3
0.344626
 Run 4
0.762946
 Run 5
0.213505
 Run 6
0.228965
DEPTH=82 TASKS=2200
 Run 1
0.640813
 Run 2
0.452232
 Run 3
1.206480
 Run 4
0.623994
 Run 5
0.760018
 Run 6
0.763087
DEPTH=82 TASKS=2400
 Run 1
0.323412
 Run 2
0.486815
 Run 3
0.345865
 Run 4
0.487367
 Run 5
0.233786
 Run 6
0.571358
DEPTH=82 TASKS=2600
 Run 1
0.178845
 Run 2
0.292618
 Run 3
0.148853
 Run 4
0.461844
 Run 5
0.570675
 Run 6
0.224837
DEPTH=82 TASKS=2800
 Run 1
0.210075
 Run 2
0.365987
 Run 3
0.266191
 Run 4
0.617002
 Run 5
0.479005
 Run 6
0.452893
DEPTH=82 TASKS=3000
 Run 1
0.146042
 Run 2
0.242470
 Run 3
0.477815
 Run 4
0.344657
 Run 5
0.314043
 Run 6
0.471781
DEPTH=82 TASKS=3200
 Run 1
0.595665
 Run 2
0.178550
 Run 3
0.440639
 Run 4
0.631908
 Run 5
0.172561
 Run 6
0.618724
DEPTH=82 TASKS=3400
 Run 1
0.331102
 Run 2
0.262386
 Run 3
0.196986
 Run 4
0.479078
 Run 5
0.631986
 Run 6
0.255762
DEPTH=82 TASKS=3600
 Run 1
0.424859
 Run 2
0.589630
 Run 3
0.526308
 Run 4
0.570037
 Run 5
0.201964
 Run 6
0.219768
DEPTH=82 TASKS=3800
 Run 1
0.206994
 Run 2
0.584175
 Run 3
0.224001
 Run 4
0.463787
 Run 5
0.551734
 Run 6
0.257765
DEPTH=82 TASKS=4000
 Run 1
0.467872
 Run 2
0.094133
 Run 3
0.374873
 Run 4
0.452867
 Run 5
0.607397
 Run 6
0.364273
DEPTH=82 TASKS=4200
 Run 1
0.413420
 Run 2
0.475642
 Run 3
0.351893
 Run 4
0.357206
 Run 5
0.205850
 Run 6
0.255175
DEPTH=82 TASKS=4400
 Run 1
0.366312
 Run 2
0.151976
 Run 3
0.584973
 Run 4
0.536091
 Run 5
0.158723
 Run 6
0.536054
DEPTH=82 TASKS=4600
 Run 1
0.358105
 Run 2
0.383466
 Run 3
0.684764
 Run 4
0.257840
 Run 5
0.422243
 Run 6
0.205020
DEPTH=82 TASKS=4800
 Run 1
0.573296
 Run 2
0.576586
 Run 3
0.536954
 Run 4
0.537584
 Run 5
0.325075
 Run 6
0.463145
DEPTH=82 TASKS=5000
 Run 1
0.225326
 Run 2
0.256219
 Run 3
0.107823
 Run 4
0.230636
 Run 5
0.559172
 Run 6
0.291637
DEPTH=82 TASKS=5200
 Run 1
0.504232
 Run 2
0.160763
 Run 3
0.518778
 Run 4
0.279274
 Run 5
0.380032
 Run 6
0.474603
DEPTH=82 TASKS=5400
 Run 1
0.191692
 Run 2
0.483805
 Run 3
0.604765
 Run 4
0.202665
 Run 5
0.633408
 Run 6
0.535487
DEPTH=82 TASKS=5600
 Run 1
0.533309
 Run 2
0.415226
 Run 3
0.278640
 Run 4
0.146677
 Run 5
0.581702
 Run 6
0.239457
DEPTH=82 TASKS=5800
 Run 1
0.544966
 Run 2
0.357734
 Run 3
0.615021
 Run 4
0.437651
 Run 5
0.320565
 Run 6
0.465612
DEPTH=82 TASKS=6000
 Run 1
0.298150
 Run 2
0.231400
 Run 3
0.663683
 Run 4
0.531006
 Run 5
0.569926
 Run 6
0.525777
DEPTH=82 TASKS=6200
 Run 1
0.481102
 Run 2
0.540152
 Run 3
0.499391
 Run 4
0.250577
 Run 5
0.727535
 Run 6
0.197094
DEPTH=82 TASKS=6400
 Run 1
0.560093
 Run 2
0.223574
 Run 3
0.316935
 Run 4
0.462423
 Run 5
0.440192
 Run 6
0.581894
DEPTH=82 TASKS=6600
 Run 1
0.271271
 Run 2
0.537711
 Run 3
0.426776
 Run 4
0.488710
 Run 5
0.462386
 Run 6
0.237373
DEPTH=82 TASKS=6800
 Run 1
0.372300
 Run 2
0.386553
 Run 3
0.662524
 Run 4
0.486546
 Run 5
0.383233
 Run 6
0.348423
DEPTH=82 TASKS=7000
 Run 1
0.448887
 Run 2
0.296544
 Run 3
0.217177
 Run 4
0.136224
 Run 5
0.845929
 Run 6
0.156580
DEPTH=82 TASKS=7200
 Run 1
0.503821
 Run 2
0.429891
 Run 3
0.403800
 Run 4
0.167713
 Run 5
0.488475
 Run 6
0.271310
DEPTH=82 TASKS=7400
 Run 1
0.184357
 Run 2
0.364672
 Run 3
0.479202
 Run 4
0.528686
 Run 5
0.649895
 Run 6
0.575792
DEPTH=82 TASKS=7600
 Run 1
0.129268
 Run 2
0.308720
 Run 3
0.605909
 Run 4
0.243762
 Run 5
0.454557
 Run 6
0.516174
DEPTH=82 TASKS=7800
 Run 1
0.578954
 Run 2
0.614736
 Run 3
0.635230
 Run 4
0.425609
 Run 5
0.716783
 Run 6
0.295116
DEPTH=82 TASKS=8000
 Run 1
0.244192
 Run 2
0.588905
 Run 3
0.287799
 Run 4
0.689482
 Run 5
0.137080
 Run 6
0.298837
DEPTH=82 TASKS=8200
 Run 1
0.200594
 Run 2
0.270458
 Run 3
0.443149
 Run 4
0.413278
 Run 5
0.491488
 Run 6
0.501287
DEPTH=82 TASKS=8400
 Run 1
0.740767
 Run 2
0.682586
 Run 3
0.621946
 Run 4
0.563212
 Run 5
0.274270
 Run 6
0.464735
DEPTH=82 TASKS=8600
 Run 1
0.396512
 Run 2
0.552203
 Run 3
0.165153
 Run 4
0.132757
 Run 5
0.527945
 Run 6
0.340956
DEPTH=82 TASKS=8800
 Run 1
0.473220
 Run 2
0.575134
 Run 3
0.224872
 Run 4
0.544778
 Run 5
0.599265
 Run 6
0.565702
DEPTH=82 TASKS=9000
 Run 1
0.515371
 Run 2
0.473390
 Run 3
0.349053
 Run 4
0.592267
 Run 5
0.583082
 Run 6
0.649230
DEPTH=82 TASKS=9200
 Run 1
0.586247
 Run 2
0.606667
 Run 3
0.514290
 Run 4
0.438676
 Run 5
0.103722
 Run 6
0.554760
DEPTH=82 TASKS=9400
 Run 1
0.427834
 Run 2
0.157892
 Run 3
0.222372
 Run 4
0.281284
 Run 5
0.447899
 Run 6
0.540232
DEPTH=82 TASKS=9600
 Run 1
0.447209
 Run 2
0.301951
 Run 3
0.553106
 Run 4
0.710073
 Run 5
0.630422
 Run 6
0.388775
DEPTH=82 TASKS=9800
 Run 1
0.114681
 Run 2
0.375675
 Run 3
0.583779
 Run 4
0.274454
 Run 5
0.208596
 Run 6
0.475981
DEPTH=82 TASKS=10000
 Run 1
0.369999
 Run 2
0.281293
 Run 3
0.434084
 Run 4
0.409123
 Run 5
0.289338
 Run 6
0.357539
DEPTH=86 TASKS=1000
 Run 1
1.195470
 Run 2
0.752981
 Run 3
1.654352
 Run 4
1.655758
 Run 5
0.333341
 Run 6
1.214576
DEPTH=86 TASKS=1200
 Run 1
1.211210
 Run 2
1.196589
 Run 3
0.446388
 Run 4
0.741930
 Run 5
1.196823
 Run 6
1.660151
DEPTH=86 TASKS=1400
 Run 1
0.756522
 Run 2
1.212525
 Run 3
0.624524
 Run 4
0.661260
 Run 5
0.754509
 Run 6
0.658399
DEPTH=86 TASKS=1600
 Run 1
0.656927
 Run 2
0.201565
 Run 3
0.645186
 Run 4
0.596558
 Run 5
0.171739
 Run 6
0.613176
DEPTH=86 TASKS=1800
 Run 1
1.205200
 Run 2
1.200174
 Run 3
0.658217
 Run 4
0.665098
 Run 5
0.390387
 Run 6
1.203878
DEPTH=86 TASKS=2000
 Run 1
0.527873
 Run 2
0.765185
 Run 3
0.557752
 Run 4
0.344953
 Run 5
0.276837
 Run 6
0.339660
DEPTH=86 TASKS=2200
 Run 1
0.607271
 Run 2
0.569827
 Run 3
0.510456
 Run 4
0.481483
 Run 5
0.766545
 Run 6
0.285322
DEPTH=86 TASKS=2400
 Run 1
0.584243
 Run 2
0.547077
 Run 3
0.347303
 Run 4
0.435773
 Run 5
0.271100
 Run 6
0.344054
DEPTH=86 TASKS=2600
 Run 1
0.272967
 Run 2
0.151630
 Run 3
0.536920
 Run 4
0.351057
 Run 5
0.563570
 Run 6
0.661372
DEPTH=86 TASKS=2800
 Run 1
0.298275
 Run 2
0.406362
 Run 3
0.517512
 Run 4
0.569558
 Run 5
0.358768
 Run 6
0.225995
DEPTH=86 TASKS=3000
 Run 1
0.586874
 Run 2
0.138532
 Run 3
0.588493
 Run 4
0.213540
 Run 5
0.178433
 Run 6
0.246738
DEPTH=86 TASKS=3200
 Run 1
0.362388
 Run 2
0.511270
 Run 3
0.160403
 Run 4
0.585737
 Run 5
0.586260
 Run 6
0.413665
DEPTH=86 TASKS=3400
 Run 1
0.281067
 Run 2
0.238098
 Run 3
0.683127
 Run 4
0.302397
 Run 5
0.373675
 Run 6
0.828213
DEPTH=86 TASKS=3600
 Run 1
0.303220
 Run 2
0.347459
 Run 3
0.261723
 Run 4
0.460361
 Run 5
0.693107
 Run 6
0.279313
DEPTH=86 TASKS=3800
 Run 1
0.540383
 Run 2
0.541504
 Run 3
0.538734
 Run 4
0.134850
 Run 5
0.286786
 Run 6
0.678307
DEPTH=86 TASKS=4000
 Run 1
0.344317
 Run 2
0.617205
 Run 3
0.538697
 Run 4
0.453721
 Run 5
0.577777
 Run 6
0.509916
DEPTH=86 TASKS=4200
 Run 1
0.872285
 Run 2
0.217961
 Run 3
0.545703
 Run 4
0.617483
 Run 5
0.160727
 Run 6
0.483645
DEPTH=86 TASKS=4400
 Run 1
0.243094
 Run 2
0.237886
 Run 3
0.651879
 Run 4
0.146754
 Run 5
0.500733
 Run 6
0.091979
DEPTH=86 TASKS=4600
 Run 1
0.219193
 Run 2
0.206299
 Run 3
0.544306
 Run 4
0.617342
 Run 5
0.557272
 Run 6
0.450376
DEPTH=86 TASKS=4800
 Run 1
0.161489
 Run 2
0.243630
 Run 3
0.712217
 Run 4
0.334803
 Run 5
0.289629
 Run 6
0.493047
DEPTH=86 TASKS=5000
 Run 1
0.498023
 Run 2
0.496018
 Run 3
0.280455
 Run 4
0.654138
 Run 5
0.605446
 Run 6
0.543928
DEPTH=86 TASKS=5200
 Run 1
0.515306
 Run 2
0.291575
 Run 3
0.722159
 Run 4
0.499841
 Run 5
0.280744
 Run 6
0.595264
DEPTH=86 TASKS=5400
 Run 1
0.551997
 Run 2
0.605258
 Run 3
0.334624
 Run 4
0.485316
 Run 5
0.443450
 Run 6
0.473955
DEPTH=86 TASKS=5600
 Run 1
0.482732
 Run 2
0.324408
 Run 3
0.589020
 Run 4
0.524551
 Run 5
0.381765
 Run 6
0.269560
DEPTH=86 TASKS=5800
 Run 1
0.675394
 Run 2
0.548859
 Run 3
0.463136
 Run 4
0.187965
 Run 5
0.519803
 Run 6
0.506426
DEPTH=86 TASKS=6000
 Run 1
0.221584
 Run 2
0.491593
 Run 3
0.456030
 Run 4
0.284925
 Run 5
0.604232
 Run 6
0.646197
DEPTH=86 TASKS=6200
 Run 1
0.389830
 Run 2
0.476015
 Run 3
0.489529
 Run 4
0.593319
 Run 5
0.425742
 Run 6
0.542880
DEPTH=86 TASKS=6400
 Run 1
0.549305
 Run 2
0.278450
 Run 3
0.292523
 Run 4
0.325458
 Run 5
0.363667
 Run 6
0.583558
DEPTH=86 TASKS=6600
 Run 1
0.489571
 Run 2
0.624340
 Run 3
0.726083
 Run 4
0.579656
 Run 5
0.121412
 Run 6
0.607106
DEPTH=86 TASKS=6800
 Run 1
0.262368
 Run 2
0.299784
 Run 3
0.221584
 Run 4
0.218543
 Run 5
0.178059
 Run 6
0.314106
DEPTH=86 TASKS=7000
 Run 1
0.327729
 Run 2
0.642099
 Run 3
0.465237
 Run 4
0.581235
 Run 5
0.315635
 Run 6
0.200588
DEPTH=86 TASKS=7200
 Run 1
0.480542
 Run 2
0.429315
 Run 3
0.312917
 Run 4
0.411412
 Run 5
0.468232
 Run 6
0.414316
DEPTH=86 TASKS=7400
 Run 1
0.473845
 Run 2
0.327457
 Run 3
0.226537
 Run 4
0.512135
 Run 5
0.483387
 Run 6
0.592256
DEPTH=86 TASKS=7600
 Run 1
0.633244
 Run 2
0.509480
 Run 3
0.568820
 Run 4
0.280721
 Run 5
0.292705
 Run 6
0.277231
DEPTH=86 TASKS=7800
 Run 1
0.565645
 Run 2
0.352022
 Run 3
0.401162
 Run 4
0.423525
 Run 5
0.380296
 Run 6
0.518085
DEPTH=86 TASKS=8000
 Run 1
0.508229
 Run 2
0.613663
 Run 3
0.571555
 Run 4
0.223522
 Run 5
0.352865
 Run 6
0.289271
DEPTH=86 TASKS=8200
 Run 1
0.650779
 Run 2
0.627552
 Run 3
0.346955
 Run 4
0.162879
 Run 5
0.634566
 Run 6
0.300207
DEPTH=86 TASKS=8400
 Run 1
0.609170
 Run 2
0.598884
 Run 3
0.716405
 Run 4
0.166725
 Run 5
0.555739
 Run 6
0.324699
DEPTH=86 TASKS=8600
 Run 1
0.271518
 Run 2
0.415151
 Run 3
0.494494
 Run 4
0.139986
 Run 5
0.616618
 Run 6
0.535784
DEPTH=86 TASKS=8800
 Run 1
0.216798
 Run 2
0.400887
 Run 3
0.279241
 Run 4
0.391786
 Run 5
0.292625
 Run 6
0.669237
DEPTH=86 TASKS=9000
 Run 1
0.353065
 Run 2
0.410516
 Run 3
0.423029
 Run 4
0.229263
 Run 5
0.339308
 Run 6
0.571940
DEPTH=86 TASKS=9200
 Run 1
0.353129
 Run 2
0.577545
 Run 3
0.218995
 Run 4
0.559519
 Run 5
0.571786
 Run 6
0.224519
DEPTH=86 TASKS=9400
 Run 1
0.477141
 Run 2
0.376326
 Run 3
0.615762
 Run 4
0.598715
 Run 5
0.186440
 Run 6
0.426147
DEPTH=86 TASKS=9600
 Run 1
0.217499
 Run 2
0.221112
 Run 3
0.436923
 Run 4
0.672478
 Run 5
0.304858
 Run 6
0.227179
DEPTH=86 TASKS=9800
 Run 1
0.473467
 Run 2
0.351910
 Run 3
0.154801
 Run 4
0.639159
 Run 5
0.747023
 Run 6
0.165507
DEPTH=86 TASKS=10000
 Run 1
0.518034
 Run 2
0.210520
 Run 3
0.472133
 Run 4
0.300248
 Run 5
0.467174
 Run 6
0.507512
DEPTH=90 TASKS=1000
 Run 1
1.655146
 Run 2
1.209279
 Run 3
1.654289
 Run 4
1.213553
 Run 5
1.212063
 Run 6
1.222047
DEPTH=90 TASKS=1200
 Run 1
1.657271
 Run 2
0.657932
 Run 3
1.212152
 Run 4
1.655747
 Run 5
1.211100
 Run 6
1.194798
DEPTH=90 TASKS=1400
 Run 1
0.657445
 Run 2
1.663585
 Run 3
1.200541
 Run 4
1.211820
 Run 5
1.214643
 Run 6
1.215768
DEPTH=90 TASKS=1600
 Run 1
0.588026
 Run 2
1.202978
 Run 3
0.656966
 Run 4
0.757132
 Run 5
0.692459
 Run 6
0.660887
DEPTH=90 TASKS=1800
 Run 1
0.367056
 Run 2
0.490024
 Run 3
0.258811
 Run 4
0.606149
 Run 5
0.762231
 Run 6
0.643937
DEPTH=90 TASKS=2000
 Run 1
0.693124
 Run 2
0.693437
 Run 3
0.597010
 Run 4
0.739732
 Run 5
0.249601
 Run 6
0.228647
DEPTH=90 TASKS=2200
 Run 1
0.576659
 Run 2
0.405121
 Run 3
0.344583
 Run 4
0.083176
 Run 5
0.395650
 Run 6
0.630208
DEPTH=90 TASKS=2400
 Run 1
0.349424
 Run 2
0.486953
 Run 3
0.374990
 Run 4
0.474721
 Run 5
0.598917
 Run 6
0.564069
DEPTH=90 TASKS=2600
 Run 1
0.200908
 Run 2
0.592207
 Run 3
0.263001
 Run 4
0.233620
 Run 5
0.173282
 Run 6
0.110614
DEPTH=90 TASKS=2800
 Run 1
0.260180
 Run 2
0.290977
 Run 3
0.566925
 Run 4
0.550950
 Run 5
0.556408
 Run 6
0.560266
DEPTH=90 TASKS=3000
 Run 1
0.598640
 Run 2
0.327295
 Run 3
0.271723
 Run 4
0.523008
 Run 5
0.566768
 Run 6
0.430536
DEPTH=90 TASKS=3200
 Run 1
0.248092
 Run 2
0.558347
 Run 3
0.450734
 Run 4
0.539136
 Run 5
0.106496
 Run 6
0.177958
DEPTH=90 TASKS=3400
 Run 1
0.704594
 Run 2
0.394837
 Run 3
0.291439
 Run 4
0.404587
 Run 5
0.307026
 Run 6
0.215165
DEPTH=90 TASKS=3600
 Run 1
0.319908
 Run 2
0.315389
 Run 3
0.556573
 Run 4
0.599674
 Run 5
0.545445
 Run 6
0.188803
DEPTH=90 TASKS=3800
 Run 1
0.257253
 Run 2
0.317533
 Run 3
0.229037
 Run 4
0.121656
 Run 5
0.561274
 Run 6
0.494734
DEPTH=90 TASKS=4000
 Run 1
0.656049
 Run 2
0.287488
 Run 3
0.201059
 Run 4
0.117017
 Run 5
0.581469
 Run 6
0.172729
DEPTH=90 TASKS=4200
 Run 1
0.273922
 Run 2
0.645673
 Run 3
0.512717
 Run 4
0.502731
 Run 5
0.236043
 Run 6
0.558442
DEPTH=90 TASKS=4400
 Run 1
0.416916
 Run 2
0.187743
 Run 3
0.336319
 Run 4
0.581888
 Run 5
0.621513
 Run 6
0.333275
DEPTH=90 TASKS=4600
 Run 1
0.344472
 Run 2
0.332553
 Run 3
0.194336
 Run 4
0.530530
 Run 5
0.326731
 Run 6
0.186556
DEPTH=90 TASKS=4800
 Run 1
0.415210
 Run 2
0.438150
 Run 3
0.559239
 Run 4
0.264922
 Run 5
0.358946
 Run 6
0.462126
DEPTH=90 TASKS=5000
 Run 1
0.247091
 Run 2
0.626364
 Run 3
0.501457
 Run 4
0.249823
 Run 5
0.622824
 Run 6
0.158390
DEPTH=90 TASKS=5200
 Run 1
0.342900
 Run 2
0.605354
 Run 3
0.394106
 Run 4
0.496125
 Run 5
0.137177
 Run 6
0.231812
DEPTH=90 TASKS=5400
 Run 1
0.234343
 Run 2
0.348488
 Run 3
0.460817
 Run 4
0.450601
 Run 5
0.257146
 Run 6
0.203238
DEPTH=90 TASKS=5600
 Run 1
0.682621
 Run 2
0.514942
 Run 3
0.707916
 Run 4
0.705928
 Run 5
0.609144
 Run 6
0.465646
DEPTH=90 TASKS=5800
 Run 1
0.421405
 Run 2
0.543674
 Run 3
0.705423
 Run 4
0.374419
 Run 5
0.226673
 Run 6
0.743123
DEPTH=90 TASKS=6000
 Run 1
0.465961
 Run 2
0.598100
 Run 3
0.228480
 Run 4
0.326570
 Run 5
0.557927
 Run 6
0.460083
DEPTH=90 TASKS=6200
 Run 1
0.284541
 Run 2
0.357506
 Run 3
0.596391
 Run 4
0.492736
 Run 5
0.241342
 Run 6
0.406603
DEPTH=90 TASKS=6400
 Run 1
0.244620
 Run 2
0.474103
 Run 3
0.483730
 Run 4
0.530441
 Run 5
0.244803
 Run 6
0.482658
DEPTH=90 TASKS=6600
 Run 1
0.245877
 Run 2
0.365543
 Run 3
0.244297
 Run 4
0.760233
 Run 5
0.501877
 Run 6
0.247658
DEPTH=90 TASKS=6800
 Run 1
0.226951
 Run 2
0.205283
 Run 3
0.638558
 Run 4
0.261998
 Run 5
0.577384
 Run 6
0.401505
DEPTH=90 TASKS=7000
 Run 1
0.402215
 Run 2
0.570563
 Run 3
0.209010
 Run 4
0.304126
 Run 5
0.294503
 Run 6
0.466988
DEPTH=90 TASKS=7200
 Run 1
0.269179
 Run 2
0.312741
 Run 3
0.561952
 Run 4
0.610249
 Run 5
0.295361
 Run 6
0.281979
DEPTH=90 TASKS=7400
 Run 1
0.644272
 Run 2
0.505692
 Run 3
0.209273
 Run 4
0.642175
 Run 5
0.351192
 Run 6
0.292162
DEPTH=90 TASKS=7600
 Run 1
0.248992
 Run 2
0.332711
 Run 3
0.512925
 Run 4
0.544551
 Run 5
0.625390
 Run 6
0.143935
DEPTH=90 TASKS=7800
 Run 1
0.650127
 Run 2
0.562564
 Run 3
0.649838
 Run 4
0.596111
 Run 5
0.723674
 Run 6
0.393728
DEPTH=90 TASKS=8000
 Run 1
0.504659
 Run 2
0.321676
 Run 3
0.575372
 Run 4
0.330389
 Run 5
0.299039
 Run 6
0.348496
DEPTH=90 TASKS=8200
 Run 1
0.359088
 Run 2
0.537473
 Run 3
0.603941
 Run 4
0.354560
 Run 5
0.404081
 Run 6
0.274746
DEPTH=90 TASKS=8400
 Run 1
0.373525
 Run 2
0.556009
 Run 3
0.488633
 Run 4
0.626404
 Run 5
0.543254
 Run 6
0.107756
DEPTH=90 TASKS=8600
 Run 1
0.517467
 Run 2
0.277408
 Run 3
0.303339
 Run 4
0.503097
 Run 5
0.210780
 Run 6
0.470340
DEPTH=90 TASKS=8800
 Run 1
0.422165
 Run 2
0.198313
 Run 3
0.120575
 Run 4
0.505243
 Run 5
0.584716
 Run 6
0.552664
DEPTH=90 TASKS=9000
 Run 1
0.385856
 Run 2
0.383503
 Run 3
0.427051
 Run 4
0.155948
 Run 5
0.226178
 Run 6
0.221607
DEPTH=90 TASKS=9200
 Run 1
0.373938
 Run 2
0.440785
 Run 3
0.472258
 Run 4
0.537742
 Run 5
0.575992
 Run 6
0.393591
DEPTH=90 TASKS=9400
 Run 1
0.326935
 Run 2
0.497728
 Run 3
0.267075
 Run 4
0.243961
 Run 5
0.275313
 Run 6
0.614222
DEPTH=90 TASKS=9600
 Run 1
0.316455
 Run 2
0.700375
 Run 3
0.226907
 Run 4
0.501928
 Run 5
0.405326
 Run 6
0.170205
DEPTH=90 TASKS=9800
 Run 1
0.175805
 Run 2
0.488647
 Run 3
0.110688
 Run 4
0.545524
 Run 5
0.768665
 Run 6
0.647337
DEPTH=90 TASKS=10000
 Run 1
0.330814
 Run 2
0.505714
 Run 3
0.511648
 Run 4
0.210113
 Run 5
0.641318
 Run 6
0.425392
DEPTH=94 TASKS=1000
 Run 1
1.198090
 Run 2
0.655584
 Run 3
1.212048
 Run 4
1.656679
 Run 5
1.208993
 Run 6
0.658150
DEPTH=94 TASKS=1200
 Run 1
1.214769
 Run 2
1.214725
 Run 3
0.643207
 Run 4
1.216885
 Run 5
1.214696
 Run 6
0.756080
DEPTH=94 TASKS=1400
 Run 1
0.675931
 Run 2
1.212944
 Run 3
0.477762
 Run 4
1.216794
 Run 5
0.253766
 Run 6
1.200313
DEPTH=94 TASKS=1600
 Run 1
0.664305
 Run 2
1.213397
 Run 3
0.666609
 Run 4
0.753767
 Run 5
0.759820
 Run 6
0.758473
DEPTH=94 TASKS=1800
 Run 1
1.203716
 Run 2
0.152893
 Run 3
0.341471
 Run 4
0.482216
 Run 5
0.485283
 Run 6
0.566988
DEPTH=94 TASKS=2000
 Run 1
0.670158
 Run 2
0.351185
 Run 3
0.486230
 Run 4
0.463950
 Run 5
0.588016
 Run 6
0.447504
DEPTH=94 TASKS=2200
 Run 1
0.244736
 Run 2
0.358539
 Run 3
0.556548
 Run 4
0.139227
 Run 5
0.485486
 Run 6
0.499218
DEPTH=94 TASKS=2400
 Run 1
0.214628
 Run 2
0.239977
 Run 3
0.203028
 Run 4
0.334711
 Run 5
0.520323
 Run 6
0.400963
DEPTH=94 TASKS=2600
 Run 1
0.226942
 Run 2
0.513593
 Run 3
0.236300
 Run 4
0.618228
 Run 5
0.200017
 Run 6
0.617536
DEPTH=94 TASKS=2800
 Run 1
0.502765
 Run 2
0.215640
 Run 3
0.494185
 Run 4
0.432103
 Run 5
0.091641
 Run 6
0.091198
DEPTH=94 TASKS=3000
 Run 1
0.575184
 Run 2
0.191216
 Run 3
0.212030
 Run 4
0.462416
 Run 5
0.457787
 Run 6
0.297286
DEPTH=94 TASKS=3200
 Run 1
0.246134
 Run 2
0.214903
 Run 3
0.188865
 Run 4
0.540630
 Run 5
0.456757
 Run 6
0.214055
DEPTH=94 TASKS=3400
 Run 1
0.107938
 Run 2
0.479773
 Run 3
0.518673
 Run 4
0.308436
 Run 5
0.279728
 Run 6
0.365261
DEPTH=94 TASKS=3600
 Run 1
0.635874
 Run 2
0.533848
 Run 3
0.229775
 Run 4
0.197184
 Run 5
0.284346
 Run 6
0.198333
DEPTH=94 TASKS=3800
 Run 1
0.550098
 Run 2
0.510983
 Run 3
0.442164
 Run 4
0.603870
 Run 5
0.180308
 Run 6
0.542046
DEPTH=94 TASKS=4000
 Run 1
0.538672
 Run 2
0.116851
 Run 3
0.578864
 Run 4
0.307507
 Run 5
0.595872
 Run 6
0.190746
DEPTH=94 TASKS=4200
 Run 1
0.323207
 Run 2
0.461469
 Run 3
0.197832
 Run 4
0.516232
 Run 5
0.626573
 Run 6
0.286472
DEPTH=94 TASKS=4400
 Run 1
0.535003
 Run 2
0.185842
 Run 3
0.189238
 Run 4
0.478035
 Run 5
0.561193
 Run 6
0.272970
DEPTH=94 TASKS=4600
 Run 1
0.217291
 Run 2
0.195746
 Run 3
0.157600
 Run 4
0.559084
 Run 5
0.613460
 Run 6
0.280456
DEPTH=94 TASKS=4800
 Run 1
0.456341
 Run 2
0.545430
 Run 3
0.226239
 Run 4
0.508098
 Run 5
0.205447
 Run 6
0.527402
DEPTH=94 TASKS=5000
 Run 1
0.527024
 Run 2
0.589526
 Run 3
0.485984
 Run 4
0.220031
 Run 5
0.089858
 Run 6
0.724340
DEPTH=94 TASKS=5200
 Run 1
0.489043
 Run 2
0.286979
 Run 3
0.553737
 Run 4
0.209402
 Run 5
0.655078
 Run 6
0.388774
DEPTH=94 TASKS=5400
 Run 1
0.583260
 Run 2
0.561992
 Run 3
0.530663
 Run 4
0.644232
 Run 5
0.221111
 Run 6
0.181762
DEPTH=94 TASKS=5600
 Run 1
0.310696
 Run 2
0.479511
 Run 3
0.164784
 Run 4
0.530105
 Run 5
0.591961
 Run 6
0.527905
DEPTH=94 TASKS=5800
 Run 1
0.190109
 Run 2
0.251783
 Run 3
0.102125
 Run 4
0.550775
 Run 5
0.268399
 Run 6
0.219357
DEPTH=94 TASKS=6000
 Run 1
0.590493
 Run 2
0.530379
 Run 3
0.502140
 Run 4
0.726005
 Run 5
0.579970
 Run 6
0.312902
DEPTH=94 TASKS=6200
 Run 1
0.341412
 Run 2
0.460536
 Run 3
0.249692
 Run 4
0.480831
 Run 5
0.225806
 Run 6
0.219997
DEPTH=94 TASKS=6400
 Run 1
0.526468
 Run 2
0.493485
 Run 3
0.542097
 Run 4
0.307479
 Run 5
0.182394
 Run 6
0.578818
DEPTH=94 TASKS=6600
 Run 1
0.259861
 Run 2
0.383558
 Run 3
0.431768
 Run 4
0.247245
 Run 5
0.287224
 Run 6
0.703229
DEPTH=94 TASKS=6800
 Run 1
0.181792
 Run 2
0.269245
 Run 3
0.553417
 Run 4
0.533279
 Run 5
0.522512
 Run 6
0.492250
DEPTH=94 TASKS=7000
 Run 1
0.581569
 Run 2
0.319938
 Run 3
0.172976
 Run 4
0.209315
 Run 5
0.286342
 Run 6
0.481834
DEPTH=94 TASKS=7200
 Run 1
0.247529
 Run 2
0.368473
 Run 3
0.461218
 Run 4
0.130924
 Run 5
0.569415
 Run 6
0.270181
DEPTH=94 TASKS=7400
 Run 1
0.307805
 Run 2
0.558419
 Run 3
0.311705
 Run 4
0.482378
 Run 5
0.524385
 Run 6
0.480426
DEPTH=94 TASKS=7600
 Run 1
0.524214
 Run 2
0.554412
 Run 3
0.215339
 Run 4
0.384625
 Run 5
0.141288
 Run 6
0.349581
DEPTH=94 TASKS=7800
 Run 1
0.571969
 Run 2
0.359076
 Run 3
0.572105
 Run 4
0.154453
 Run 5
0.231130
 Run 6
0.295351
DEPTH=94 TASKS=8000
 Run 1
0.153158
 Run 2
0.559479
 Run 3
0.539272
 Run 4
0.147899
 Run 5
0.528195
 Run 6
0.400163
DEPTH=94 TASKS=8200
 Run 1
0.290964
 Run 2
0.243360
 Run 3
0.223034
 Run 4
0.485207
 Run 5
0.571200
 Run 6
0.581452
DEPTH=94 TASKS=8400
 Run 1
0.226478
 Run 2
0.425200
 Run 3
0.206689
 Run 4
0.206316
 Run 5
0.247341
 Run 6
0.483179
DEPTH=94 TASKS=8600
 Run 1
0.253885
 Run 2
0.148268
 Run 3
0.478584
 Run 4
0.460431
 Run 5
0.529447
 Run 6
0.594780
DEPTH=94 TASKS=8800
 Run 1
0.299029
 Run 2
0.526164
 Run 3
0.505582
 Run 4
0.291974
 Run 5
0.143628
 Run 6
0.586531
DEPTH=94 TASKS=9000
 Run 1
0.311141
 Run 2
0.513593
 Run 3
0.306330
 Run 4
Timeout exceeded (7 seconds)
nan
 Run 5
0.387875
 Run 6
0.137287
DEPTH=94 TASKS=9200
 Run 1
0.392075
 Run 2
0.524158
 Run 3
0.570951
 Run 4
0.497700
 Run 5
0.303954
 Run 6
0.471304
DEPTH=94 TASKS=9400
 Run 1
0.635426
 Run 2
0.610535
 Run 3
0.791215
 Run 4
0.388644
 Run 5
0.374929
 Run 6
0.319760
DEPTH=94 TASKS=9600
 Run 1
0.489442
 Run 2
0.529616
 Run 3
0.207787
 Run 4
0.520386
 Run 5
0.282610
 Run 6
0.320540
DEPTH=94 TASKS=9800
 Run 1
0.554401
 Run 2
0.376159
 Run 3
0.477899
 Run 4
0.589387
 Run 5
0.540557
 Run 6
0.763095
DEPTH=94 TASKS=10000
 Run 1
0.234400
 Run 2
0.390884
 Run 3
0.565910
 Run 4
0.594382
 Run 5
0.118604
 Run 6
0.514078
DEPTH=98 TASKS=1000
 Run 1
1.652559
 Run 2
1.212325
 Run 3
1.653078
 Run 4
1.211352
 Run 5
1.204557
 Run 6
1.212764
DEPTH=98 TASKS=1200
 Run 1
1.653602
 Run 2
0.336558
 Run 3
1.214050
 Run 4
1.217602
 Run 5
1.219432
 Run 6
1.658584
DEPTH=98 TASKS=1400
 Run 1
0.585085
 Run 2
1.196655
 Run 3
0.657328
 Run 4
1.218989
 Run 5
0.472630
 Run 6
0.639458
DEPTH=98 TASKS=1600
 Run 1
0.652974
 Run 2
0.612803
 Run 3
0.593648
 Run 4
0.546281
 Run 5
0.188871
 Run 6
1.204195
DEPTH=98 TASKS=1800
 Run 1
0.316013
 Run 2
0.659049
 Run 3
0.483641
 Run 4
0.395722
 Run 5
0.344301
 Run 6
1.206729
DEPTH=98 TASKS=2000
 Run 1
0.758609
 Run 2
0.510405
 Run 3
0.650093
 Run 4
0.182184
 Run 5
0.689791
 Run 6
0.230811
DEPTH=98 TASKS=2200
 Run 1
0.161825
 Run 2
0.344856
 Run 3
0.145311
 Run 4
0.405261
 Run 5
0.402092
 Run 6
0.513730
DEPTH=98 TASKS=2400
 Run 1
0.348584
 Run 2
0.180747
 Run 3
0.531185
 Run 4
0.085764
 Run 5
0.766594
 Run 6
0.214132
DEPTH=98 TASKS=2600
 Run 1
0.234078
 Run 2
0.415612
 Run 3
0.426451
 Run 4
0.217347
 Run 5
0.527552
 Run 6
0.251374
DEPTH=98 TASKS=2800
 Run 1
0.692956
 Run 2
0.437805
 Run 3
0.193308
 Run 4
0.508979
 Run 5
0.185792
 Run 6
0.355123
DEPTH=98 TASKS=3000
 Run 1
0.543686
 Run 2
0.545095
 Run 3
0.235792
 Run 4
0.469887
 Run 5
0.515684
 Run 6
0.557636
DEPTH=98 TASKS=3200
 Run 1
0.336899
 Run 2
0.211553
 Run 3
0.234806
 Run 4
0.225842
 Run 5
0.237594
 Run 6
0.249190
DEPTH=98 TASKS=3400
 Run 1
0.292453
 Run 2
0.259858
 Run 3
0.237687
 Run 4
0.420590
 Run 5
0.571434
 Run 6
0.367598
DEPTH=98 TASKS=3600
 Run 1
0.504034
 Run 2
0.605316
 Run 3
0.309272
 Run 4
0.294771
 Run 5
0.116214
 Run 6
0.138430
DEPTH=98 TASKS=3800
 Run 1
0.232487
 Run 2
0.299032
 Run 3
0.294827
 Run 4
0.801977
 Run 5
0.136483
 Run 6
0.594795
DEPTH=98 TASKS=4000
 Run 1
0.214559
 Run 2
0.373597
 Run 3
0.293339
 Run 4
0.274761
 Run 5
0.113094
 Run 6
0.496850
DEPTH=98 TASKS=4200
 Run 1
0.201706
 Run 2
0.561867
 Run 3
0.364211
 Run 4
0.274362
 Run 5
0.338572
 Run 6
0.262974
DEPTH=98 TASKS=4400
 Run 1
0.255360
 Run 2
0.462470
 Run 3
0.529852
 Run 4
0.183902
 Run 5
0.576821
 Run 6
0.132708
DEPTH=98 TASKS=4600
 Run 1
0.291995
 Run 2
0.531546
 Run 3
0.223826
 Run 4
0.299790
 Run 5
0.629860
 Run 6
0.222120
DEPTH=98 TASKS=4800
 Run 1
0.222982
 Run 2
0.409734
 Run 3
0.254058
 Run 4
0.539922
 Run 5
0.513854
 Run 6
0.476131
DEPTH=98 TASKS=5000
 Run 1
0.514410
 Run 2
0.482672
 Run 3
0.286931
 Run 4
0.133344
 Run 5
0.520942
 Run 6
0.555240
DEPTH=98 TASKS=5200
 Run 1
0.518028
 Run 2
0.273766
 Run 3
0.264590
 Run 4
0.545109
 Run 5
0.248826
 Run 6
0.451899
DEPTH=98 TASKS=5400
 Run 1
0.388101
 Run 2
0.627968
 Run 3
0.458498
 Run 4
0.498231
 Run 5
0.609943
 Run 6
0.441502
DEPTH=98 TASKS=5600
 Run 1
0.230318
 Run 2
0.290117
 Run 3
0.555893
 Run 4
0.442322
 Run 5
0.310469
 Run 6
0.470580
DEPTH=98 TASKS=5800
 Run 1
0.459592
 Run 2
0.312192
 Run 3
0.244560
 Run 4
0.467524
 Run 5
0.101951
 Run 6
0.448110
DEPTH=98 TASKS=6000
 Run 1
0.500214
 Run 2
0.396982
 Run 3
0.318248
 Run 4
0.346815
 Run 5
0.233471
 Run 6
0.340724
DEPTH=98 TASKS=6200
 Run 1
0.437524
 Run 2
0.351164
 Run 3
0.559531
 Run 4
0.582061
 Run 5
0.842534
 Run 6
0.522973
DEPTH=98 TASKS=6400
 Run 1
0.400107
 Run 2
0.513466
 Run 3
0.568096
 Run 4
0.595235
 Run 5
0.386110
 Run 6
0.499511
DEPTH=98 TASKS=6600
 Run 1
0.464455
 Run 2
0.381981
 Run 3
0.380957
 Run 4
0.325512
 Run 5
0.285871
 Run 6
0.324058
DEPTH=98 TASKS=6800
 Run 1
0.178360
 Run 2
0.485979
 Run 3
0.357908
 Run 4
0.564159
 Run 5
0.117871
 Run 6
0.212061
DEPTH=98 TASKS=7000
 Run 1
0.464396
 Run 2
0.546167
 Run 3
0.588890
 Run 4
0.337327
 Run 5
0.567206
 Run 6
0.492202
DEPTH=98 TASKS=7200
 Run 1
0.644177
 Run 2
0.262254
 Run 3
0.167287
 Run 4
0.231923
 Run 5
0.148534
 Run 6
0.414607
DEPTH=98 TASKS=7400
 Run 1
0.479682
 Run 2
0.699648
 Run 3
0.298872
 Run 4
0.619055
 Run 5
0.465765
 Run 6
0.240429
DEPTH=98 TASKS=7600
 Run 1
0.550334
 Run 2
0.483087
 Run 3
0.729192
 Run 4
0.523898
 Run 5
0.422982
 Run 6
0.569489
DEPTH=98 TASKS=7800
 Run 1
0.703944
 Run 2
0.345573
 Run 3
0.512069
 Run 4
0.550358
 Run 5
0.389038
 Run 6
0.255250
DEPTH=98 TASKS=8000
 Run 1
0.448843
 Run 2
0.174285
 Run 3
0.364945
 Run 4
0.282179
 Run 5
0.498019
 Run 6
0.523502
DEPTH=98 TASKS=8200
 Run 1
0.318382
 Run 2
0.125314
 Run 3
0.533189
 Run 4
0.218387
 Run 5
0.592828
 Run 6
0.338628
DEPTH=98 TASKS=8400
 Run 1
0.607282
 Run 2
0.238978
 Run 3
0.531209
 Run 4
0.286007
 Run 5
0.264585
 Run 6
0.705631
DEPTH=98 TASKS=8600
 Run 1
0.441431
 Run 2
0.145072
 Run 3
0.209395
 Run 4
0.616078
 Run 5
0.606358
 Run 6
0.477647
DEPTH=98 TASKS=8800
 Run 1
0.606820
 Run 2
0.240104
 Run 3
0.311987
 Run 4
0.445590
 Run 5
0.427211
 Run 6
0.457706
DEPTH=98 TASKS=9000
 Run 1
0.427990
 Run 2
0.210494
 Run 3
0.581579
 Run 4
0.567947
 Run 5
0.179596
 Run 6
0.495500
DEPTH=98 TASKS=9200
 Run 1
0.231461
 Run 2
0.210687
 Run 3
0.230888
 Run 4
0.405826
 Run 5
0.641215
 Run 6
0.130431
DEPTH=98 TASKS=9400
 Run 1
0.282738
 Run 2
0.275354
 Run 3
0.459543
 Run 4
0.343525
 Run 5
0.592501
 Run 6
0.401518
DEPTH=98 TASKS=9600
 Run 1
0.390609
 Run 2
0.383029
 Run 3
0.503837
 Run 4
0.315131
 Run 5
0.678595
 Run 6
0.542796
DEPTH=98 TASKS=9800
 Run 1
0.708556
 Run 2
0.449065
 Run 3
0.539429
 Run 4
0.474721
 Run 5
0.551951
 Run 6
0.262882
DEPTH=98 TASKS=10000
 Run 1
0.198365
 Run 2
0.220440
 Run 3
0.360772
 Run 4
0.349839
 Run 5
0.428273
 Run 6
0.421190
